Archive member included to satisfy reference by file (symbol)

C:/STM32CubeIDE_1.14.0/STM32CubeIDE/plugins/com.st.stm32cube.ide.mcu.externaltools.gnu-tools-for-stm32.12.3.rel1.win32_1.0.200.202406191623/tools/bin/../lib/gcc/arm-none-eabi/12.3.1/../../../../arm-none-eabi/lib/thumb/v6-m/nofp\libc_nano.a(libc_a-exit.o)
                              C:/STM32CubeIDE_1.14.0/STM32CubeIDE/plugins/com.st.stm32cube.ide.mcu.externaltools.gnu-tools-for-stm32.12.3.rel1.win32_1.0.200.202406191623/tools/bin/../lib/gcc/arm-none-eabi/12.3.1/../../../../arm-none-eabi/lib/thumb/v6-m/nofp/crt0.o (exit)
C:/STM32CubeIDE_1.14.0/STM32CubeIDE/plugins/com.st.stm32cube.ide.mcu.externaltools.gnu-tools-for-stm32.12.3.rel1.win32_1.0.200.202406191623/tools/bin/../lib/gcc/arm-none-eabi/12.3.1/../../../../arm-none-eabi/lib/thumb/v6-m/nofp\libc_nano.a(libc_a-findfp.o)
                              C:/STM32CubeIDE_1.14.0/STM32CubeIDE/plugins/com.st.stm32cube.ide.mcu.externaltools.gnu-tools-for-stm32.12.3.rel1.win32_1.0.200.202406191623/tools/bin/../lib/gcc/arm-none-eabi/12.3.1/../../../../arm-none-eabi/lib/thumb/v6-m/nofp\libc_nano.a(libc_a-exit.o) (__stdio_exit_handler)
C:/STM32CubeIDE_1.14.0/STM32CubeIDE/plugins/com.st.stm32cube.ide.mcu.externaltools.gnu-tools-for-stm32.12.3.rel1.win32_1.0.200.202406191623/tools/bin/../lib/gcc/arm-none-eabi/12.3.1/../../../../arm-none-eabi/lib/thumb/v6-m/nofp\libc_nano.a(libc_a-fwalk.o)
                              C:/STM32CubeIDE_1.14.0/STM32CubeIDE/plugins/com.st.stm32cube.ide.mcu.externaltools.gnu-tools-for-stm32.12.3.rel1.win32_1.0.200.202406191623/tools/bin/../lib/gcc/arm-none-eabi/12.3.1/../../../../arm-none-eabi/lib/thumb/v6-m/nofp\libc_nano.a(libc_a-findfp.o) (_fwalk_sglue)
C:/STM32CubeIDE_1.14.0/STM32CubeIDE/plugins/com.st.stm32cube.ide.mcu.externaltools.gnu-tools-for-stm32.12.3.rel1.win32_1.0.200.202406191623/tools/bin/../lib/gcc/arm-none-eabi/12.3.1/../../../../arm-none-eabi/lib/thumb/v6-m/nofp\libc_nano.a(libc_a-printf.o)
                              ./Core/Src/bno055.o (printf)
C:/STM32CubeIDE_1.14.0/STM32CubeIDE/plugins/com.st.stm32cube.ide.mcu.externaltools.gnu-tools-for-stm32.12.3.rel1.win32_1.0.200.202406191623/tools/bin/../lib/gcc/arm-none-eabi/12.3.1/../../../../arm-none-eabi/lib/thumb/v6-m/nofp\libc_nano.a(libc_a-puts.o)
                              ./Core/Src/main.o (puts)
C:/STM32CubeIDE_1.14.0/STM32CubeIDE/plugins/com.st.stm32cube.ide.mcu.externaltools.gnu-tools-for-stm32.12.3.rel1.win32_1.0.200.202406191623/tools/bin/../lib/gcc/arm-none-eabi/12.3.1/../../../../arm-none-eabi/lib/thumb/v6-m/nofp\libc_nano.a(libc_a-stdio.o)
                              C:/STM32CubeIDE_1.14.0/STM32CubeIDE/plugins/com.st.stm32cube.ide.mcu.externaltools.gnu-tools-for-stm32.12.3.rel1.win32_1.0.200.202406191623/tools/bin/../lib/gcc/arm-none-eabi/12.3.1/../../../../arm-none-eabi/lib/thumb/v6-m/nofp\libc_nano.a(libc_a-findfp.o) (__sread)
C:/STM32CubeIDE_1.14.0/STM32CubeIDE/plugins/com.st.stm32cube.ide.mcu.externaltools.gnu-tools-for-stm32.12.3.rel1.win32_1.0.200.202406191623/tools/bin/../lib/gcc/arm-none-eabi/12.3.1/../../../../arm-none-eabi/lib/thumb/v6-m/nofp\libc_nano.a(libc_a-wbuf.o)
                              C:/STM32CubeIDE_1.14.0/STM32CubeIDE/plugins/com.st.stm32cube.ide.mcu.externaltools.gnu-tools-for-stm32.12.3.rel1.win32_1.0.200.202406191623/tools/bin/../lib/gcc/arm-none-eabi/12.3.1/../../../../arm-none-eabi/lib/thumb/v6-m/nofp\libc_nano.a(libc_a-puts.o) (__swbuf_r)
C:/STM32CubeIDE_1.14.0/STM32CubeIDE/plugins/com.st.stm32cube.ide.mcu.externaltools.gnu-tools-for-stm32.12.3.rel1.win32_1.0.200.202406191623/tools/bin/../lib/gcc/arm-none-eabi/12.3.1/../../../../arm-none-eabi/lib/thumb/v6-m/nofp\libc_nano.a(libc_a-wsetup.o)
                              C:/STM32CubeIDE_1.14.0/STM32CubeIDE/plugins/com.st.stm32cube.ide.mcu.externaltools.gnu-tools-for-stm32.12.3.rel1.win32_1.0.200.202406191623/tools/bin/../lib/gcc/arm-none-eabi/12.3.1/../../../../arm-none-eabi/lib/thumb/v6-m/nofp\libc_nano.a(libc_a-puts.o) (__swsetup_r)
C:/STM32CubeIDE_1.14.0/STM32CubeIDE/plugins/com.st.stm32cube.ide.mcu.externaltools.gnu-tools-for-stm32.12.3.rel1.win32_1.0.200.202406191623/tools/bin/../lib/gcc/arm-none-eabi/12.3.1/../../../../arm-none-eabi/lib/thumb/v6-m/nofp\libc_nano.a(libc_a-memset.o)
                              C:/STM32CubeIDE_1.14.0/STM32CubeIDE/plugins/com.st.stm32cube.ide.mcu.externaltools.gnu-tools-for-stm32.12.3.rel1.win32_1.0.200.202406191623/tools/bin/../lib/gcc/arm-none-eabi/12.3.1/../../../../arm-none-eabi/lib/thumb/v6-m/nofp/crt0.o (memset)
C:/STM32CubeIDE_1.14.0/STM32CubeIDE/plugins/com.st.stm32cube.ide.mcu.externaltools.gnu-tools-for-stm32.12.3.rel1.win32_1.0.200.202406191623/tools/bin/../lib/gcc/arm-none-eabi/12.3.1/../../../../arm-none-eabi/lib/thumb/v6-m/nofp\libc_nano.a(libc_a-closer.o)
[...]
Memory Configuration

Name             Origin             Length             Attributes
RAM              0x20000000         0x00006000         xrw
FLASH            0x08000000         0x00020000         xr
*default*        0x00000000         0xffffffff

Linker script and memory map

LOAD C:/STM32CubeIDE_1.14.0/STM32CubeIDE/plugins/com.st.stm32cube.ide.mcu.externaltools.gnu-tools-for-stm32.12.3.rel1.win32_1.0.200.202406191623/tools/bin/../lib/gcc/arm-none-eabi/12.3.1/thumb/v6-m/nofp/crti.o
LOAD C:/STM32CubeIDE_1.14.0/STM32CubeIDE/plugins/com.st.stm32cube.ide.mcu.externaltools.gnu-tools-for-stm32.12.3.rel1.win32_1.0.200.202406191623/tools/bin/../lib/gcc/arm-none-eabi/12.3.1/thumb/v6-m/nofp/crtbegin.o
LOAD C:/STM32CubeIDE_1.14.0/STM32CubeIDE/plugins/com.st.stm32cube.ide.mcu.externaltools.gnu-tools-for-stm32.12.3.rel1.win32_1.0.200.202406191623/tools/bin/../lib/gcc/arm-none-eabi/12.3.1/../../../../arm-none-eabi/lib/thumb/v6-m/nofp/crt0.o
LOAD ./Core/Src/bno055.o
LOAD ./Core/Src/lin_actuator.o
LOAD ./Core/Src/main.o
LOAD ./Core/Src/modbus.o
LOAD ./Core/Src/stm32c0xx_hal_msp.o
LOAD ./Core/Src/stm32c0xx_it.o
LOAD ./Core/Src/syscalls.o
LOAD ./Core/Src/sysmem.o
LOAD ./Core/Src/system_stm32c0xx.o
LOAD ./Core/Startup/startup_stm32c071cbtx.o
LOAD ./Drivers/STM32C0xx_HAL_Driver/Src/stm32c0xx_hal.o
LOAD ./Drivers/STM32C0xx_HAL_Driver/Src/stm32c0xx_hal_adc.o
LOAD ./Drivers/STM32C0xx_HAL_Driver/Src/stm32c0xx_hal_adc_ex.o
LOAD ./Drivers/STM32C0xx_HAL_Driver/Src/stm32c0xx_hal_cortex.o
LOAD ./Drivers/STM32C0xx_HAL_Driver/Src/stm32c0xx_hal_dma.o
LOAD ./Drivers/STM32C0xx_HAL_Driver/Src/stm32c0xx_hal_dma_ex.o
LOAD ./Drivers/STM32C0xx_HAL_Driver/Src/stm32c0xx_hal_exti.o
LOAD ./Drivers/STM32C0xx_HAL_Driver/Src/stm32c0xx_hal_flash.o
LOAD ./Drivers/STM32C0xx_HAL_Driver/Src/stm32c0xx_hal_flash_ex.o
LOAD ./Drivers/STM32C0xx_HAL_Driver/Src/stm32c0xx_hal_gpio.o
LOAD ./Drivers/STM32C0xx_HAL_Driver/Src/stm32c0xx_hal_i2c.o
LOAD ./Drivers/STM32C0xx_HAL_Driver/Src/stm32c0xx_hal_i2c_ex.o
LOAD ./Drivers/STM32C0xx_HAL_Driver/Src/stm32c0xx_hal_pwr.o
LOAD ./Drivers/STM32C0xx_HAL_Driver/Src/stm32c0xx_hal_pwr_ex.o
LOAD ./Drivers/STM32C0xx_HAL_Driver/Src/stm32c0xx_hal_rcc.o
LOAD ./Drivers/STM32C0xx_HAL_Driver/Src/stm32c0xx_hal_rcc_ex.o
LOAD ./Drivers/STM32C0xx_HAL_Driver/Src/stm32c0xx_hal_spi.o
LOAD ./Drivers/STM32C0xx_HAL_Driver/Src/stm32c0xx_hal_spi_ex.o
LOAD ./Drivers/STM32C0xx_HAL_Driver/Src/stm32c0xx_hal_tim.o
LOAD ./Drivers/STM32C0xx_HAL_Driver/Src/stm32c0xx_hal_tim_ex.o
LOAD ./Drivers/STM32C0xx_HAL_Driver/Src/stm32c0xx_hal_uart.o
LOAD ./Drivers/STM32C0xx_HAL_Driver/Src/stm32c0xx_hal_uart_ex.o
START GROUP
LOAD C:/STM32CubeIDE_1.14.0/STM32CubeIDE/plugins/com.st.stm32cube.ide.mcu.externaltools.gnu-tools-for-stm32.12.3.rel1.win32_1.0.200.202406191623/tools/bin/../lib/gcc/arm-none-eabi/12.3.1/../../../../arm-none-eabi/lib/thumb/v6-m/nofp\libc_nano.a
LOAD C:/STM32CubeIDE_1.14.0/STM32CubeIDE/plugins/com.st.stm32cube.ide.mcu.externaltools.gnu-tools-for-stm32.12.3.rel1.win32_1.0.200.202406191623/tools/bin/../lib/gcc/arm-none-eabi/12.3.1/../../../../arm-none-eabi/lib/thumb/v6-m/nofp\libm.a
END GROUP
START GROUP
LOAD C:/STM32CubeIDE_1.14.0/STM32CubeIDE/plugins/com.st.stm32cube.ide.mcu.externaltools.gnu-tools-for-stm32.12.3.rel1.win32_1.0.200.202406191623/tools/bin/../lib/gcc/arm-none-eabi/12.3.1/thumb/v6-m/nofp\libgcc.a
LOAD C:/STM32CubeIDE_1.14.0/STM32CubeIDE/plugins/com.st.stm32cube.ide.mcu.externaltools.gnu-tools-for-stm32.12.3.rel1.win32_1.0.200.202406191623/tools/bin/../lib/gcc/arm-none-eabi/12.3.1/../../../../arm-none-eabi/lib/thumb/v6-m/nofp\libc_nano.a
END GROUP
START GROUP
LOAD C:/STM32CubeIDE_1.14.0/STM32CubeIDE/plugins/com.st.stm32cube.ide.mcu.externaltools.gnu-tools-for-stm32.12.3.rel1.win32_1.0.200.202406191623/tools/bin/../lib/gcc/arm-none-eabi/12.3.1/thumb/v6-m/nofp\libgcc.a
LOAD C:/STM32CubeIDE_1.14.0/STM32CubeIDE/plugins/com.st.stm32cube.ide.mcu.externaltools.gnu-tools-for-stm32.12.3.rel1.win32_1.0.200.202406191623/tools/bin/../lib/gcc/arm-none-eabi/12.3.1/../../../../arm-none-eabi/lib/thumb/v6-m/nofp\libc_nano.a
LOAD C:/STM32CubeIDE_1.14.0/STM32CubeIDE/plugins/com.st.stm32cube.ide.mcu.externaltools.gnu-tools-for-stm32.12.3.rel1.win32_1.0.200.202406191623/tools/bin/../lib/gcc/arm-none-eabi/12.3.1/../../../../arm-none-eabi/lib/thumb/v6-m/nofp\libnosys.a
END GROUP
START GROUP
LOAD C:/STM32CubeIDE_1.14.0/STM32CubeIDE/plugins/com.st.stm32cube.ide.mcu.externaltools.gnu-tools-for-stm32.12.3.rel1.win32_1.0.200.202406191623/tools/bin/../lib/gcc/arm-none-eabi/12.3.1/thumb/v6-m/nofp\libgcc.a
LOAD C:/STM32CubeIDE_1.14.0/STM32CubeIDE/plugins/com.st.stm32cube.ide.mcu.externaltools.gnu-tools-for-stm32.12.3.rel1.win32_1.0.200.202406191623/tools/bin/../lib/gcc/arm-none-eabi/12.3.1/../../../../arm-none-eabi/lib/thumb/v6-m/nofp\libc_nano.a
LOAD C:/STM32CubeIDE_1.14.0/STM32CubeIDE/plugins/com.st.stm32cube.ide.mcu.externaltools.gnu-tools-for-stm32.12.3.rel1.win32_1.0.200.202406191623/tools/bin/../lib/gcc/arm-none-eabi/12.3.1/../../../../arm-none-eabi/lib/thumb/v6-m/nofp\libnosys.a
END GROUP
LOAD C:/STM32CubeIDE_1.14.0/STM32CubeIDE/plugins/com.st.stm32cube.ide.mcu.externaltools.gnu-tools-for-stm32.12.3.rel1.win32_1.0.200.202406191623/tools/bin/../lib/gcc/arm-none-eabi/12.3.1/thumb/v6-m/nofp/crtend.o
LOAD C:/STM32CubeIDE_1.14.0/STM32CubeIDE/plugins/com.st.stm32cube.ide.mcu.externaltools.gnu-tools-for-stm32.12.3.rel1.win32_1.0.200.202406191623/tools/bin/../lib/gcc/arm-none-eabi/12.3.1/thumb/v6-m/nofp/crtn.o
                0x20006000                        _estack = (ORIGIN (RAM) + LENGTH (RAM))
                0x00000200                        _Min_Heap_Size = 0x200
                0x00000400                        _Min_Stack_Size = 0x400

.isr_vector     0x08000000       0xc0
                0x08000000                        . = ALIGN (0x4)
 *(.isr_vector)
 .isr_vector    0x08000000       0xc0 ./Core/Startup/startup_stm32c071cbtx.o
                0x08000000                g_pfnVectors
                0x080000c0                        . = ALIGN (0x4)

.text           0x080000c0     0x88d8
                0x080000c0                        . = ALIGN (0x4)
 *(.text)
 .text          0x080000c0       0x48 C:/STM32CubeIDE_1.14.0/STM32CubeIDE/plugins/com.st.stm32cube.ide.mcu.externaltools.gnu-tools-for-stm32.12.3.rel1.win32_1.0.200.202406191623/tools/bin/../lib/gcc/arm-none-eabi/12.3.1/thumb/v6-m/nofp/crtbegin.o
 .text          0x08000108       0x14 C:/STM32CubeIDE_1.14.0/STM32CubeIDE/plugins/com.st.stm32cube.ide.mcu.externaltools.gnu-tools-for-stm32.12.3.rel1.win32_1.0.200.202406191623/tools/bin/../lib/gcc/arm-none-eabi/12.3.1/thumb/v6-m/nofp\libgcc.a(_thumb1_case_shi.o)
                0x08000108                __gnu_thumb1_case_shi
 .text          0x0800011c      0x114 C:/STM32CubeIDE_1.14.0/STM32CubeIDE/plugins/com.st.stm32cube.ide.mcu.externaltools.gnu-tools-for-stm32.12.3.rel1.win32_1.0.200.202406191623/tools/bin/../lib/gcc/arm-none-eabi/12.3.1/thumb/v6-m/nofp\libgcc.a(_udivsi3.o)
                0x0800011c                __aeabi_uidiv
                0x0800011c                __udivsi3
                0x08000228                __aeabi_uidivmod
 .text          0x08000230      0x1d4 C:/STM32CubeIDE_1.14.0/STM32CubeIDE/plugins/com.st.stm32cube.ide.mcu.externaltools.gnu-tools-for-stm32.12.3.rel1.win32_1.0.200.202406191623/tools/bin/../lib/gcc/arm-none-eabi/12.3.1/thumb/v6-m/nofp\libgcc.a(_divsi3.o)
                0x08000230                __divsi3
                0x08000230                __aeabi_idiv
                0x080003fc                __aeabi_idivmod
 .text          0x08000404        0x4 C:/STM32CubeIDE_1.14.0/STM32CubeIDE/plugins/com.st.stm32cube.ide.mcu.externaltools.gnu-tools-for-stm32.12.3.rel1.win32_1.0.200.202406191623/tools/bin/../lib/gcc/arm-none-eabi/12.3.1/thumb/v6-m/nofp\libgcc.a(_dvmd_tls.o)
                0x08000404                __aeabi_idiv0
                0x08000404                __aeabi_ldiv0
 *(.text*)
 .text.bno055_setPage
                0x08000408       0x20 ./Core/Src/bno055.o
                0x08000408                bno055_setPage
 .text.bno055_setOperationMode
                0x08000428       0x36 ./Core/Src/bno055.o
                0x08000428                bno055_setOperationMode
 .text.bno055_setOperationModeConfig
                0x0800045e       0x10 ./Core/Src/bno055.o
                0x0800045e                bno055_setOperationModeConfig
 .text.bno055_setOperationModeNDOF
                0x0800046e       0x10 ./Core/Src/bno055.o
                0x0800046e                bno055_setOperationModeNDOF
 .text.bno055_reset
                0x0800047e       0x1c ./Core/Src/bno055.o
                0x0800047e                bno055_reset
 *fill*         0x0800049a        0x2 
 .text.bno055_setup
                0x0800049c       0x58 ./Core/Src/bno055.o
                0x0800049c                bno055_setup
 .text.bno055_get_all_values
                0x080004f4       0xc8 ./Core/Src/bno055.o
                0x080004f4                bno055_get_all_values
 .text.bno055_assignI2C
                0x080005bc       0x1c ./Core/Src/main.o
                0x080005bc                bno055_assignI2C
 .text.bno055_delay
                0x080005d8       0x18 ./Core/Src/main.o
                0x080005d8                bno055_delay
 .text.bno055_writeData
                0x080005f0      0x224 ./Core/Src/main.o
                0x080005f0                bno055_writeData
 .text.bno055_readData
                0x08000814       0x60 ./Core/Src/main.o
                0x08000814                bno055_readData
 .text.main     0x08000874      0x190 ./Core/Src/main.o
                0x08000874                main
 .text.SystemClock_Config
                0x08000a04       0x7a ./Core/Src/main.o
                0x08000a04                SystemClock_Config
 *fill*         0x08000a7e        0x2 
 .text.MX_ADC1_Init
                0x08000a80      0x1b4 ./Core/Src/main.o
 .text.MX_I2C1_Init
                0x08000c34       0x80 ./Core/Src/main.o
 .text.MX_SPI1_Init
                0x08000cb4       0x7c ./Core/Src/main.o
 .text.MX_TIM1_Init
                0x08000d30      0x154 ./Core/Src/main.o
 .text.MX_TIM14_Init
                0x08000e84       0x4c ./Core/Src/main.o
 .text.MX_USART1_UART_Init
                0x08000ed0       0xa0 ./Core/Src/main.o
 .text.MX_DMA_Init
                0x08000f70       0x5c ./Core/Src/main.o
 .text.MX_GPIO_Init
                0x08000fcc       0xf8 ./Core/Src/main.o
 .text.Error_Handler
                0x080010c4        0xc ./Core/Src/main.o
                0x080010c4                Error_Handler
 .text.HAL_UARTEx_RxEventCallback
                0x080010d0      0x154 ./Core/Src/modbus.o
                0x080010d0                HAL_UARTEx_RxEventCallback
 .text.HAL_UART_TxCpltCallback
                0x08001224       0x1c ./Core/Src/modbus.o
                0x08001224                HAL_UART_TxCpltCallback
 .text.handle_chunk_miss
                0x08001240       0x68 ./Core/Src/modbus.o
                0x08001240                handle_chunk_miss
 .text.get_rx_buffer
                0x080012a8       0x70 ./Core/Src/modbus.o
                0x080012a8                get_rx_buffer
 .text.return_holding_registers
                0x08001318      0x138 ./Core/Src/modbus.o
                0x08001318                return_holding_registers
 .text.edit_multiple_registers
                0x08001450      0x1dc ./Core/Src/modbus.o
                0x08001450                edit_multiple_registers
 .text.modbus_exception
                0x0800162c       0x54 ./Core/Src/modbus.o
                0x0800162c                modbus_exception
 .text.handle_range
                0x08001680       0xd8 ./Core/Src/modbus.o
                0x08001680                handle_range
 .text.modbus_send
                0x08001758       0xd0 ./Core/Src/modbus.o
                0x08001758                modbus_send
 .text.modbus_rx
                0x08001828       0x2c ./Core/Src/modbus.o
                0x08001828                modbus_rx
 .text.modbus_set_rx
                0x08001854       0x44 ./Core/Src/modbus.o
                0x08001854                modbus_set_rx
 .text.modbus_change_baud_rate
                0x08001898       0xcc ./Core/Src/modbus.o
                0x08001898                modbus_change_baud_rate
 .text.crc_16   0x08001964       0x8c ./Core/Src/modbus.o
                0x08001964                crc_16
 .text.HAL_MspInit
                0x080019f0       0x48 ./Core/Src/stm32c0xx_hal_msp.o
                0x080019f0                HAL_MspInit
 .text.HAL_ADC_MspInit
                0x08001a38      0x118 ./Core/Src/stm32c0xx_hal_msp.o
                0x08001a38                HAL_ADC_MspInit
 .text.HAL_I2C_MspInit
                0x08001b50      0x11c ./Core/Src/stm32c0xx_hal_msp.o
                0x08001b50                HAL_I2C_MspInit
 .text.HAL_SPI_MspInit
                0x08001c6c      0x10c ./Core/Src/stm32c0xx_hal_msp.o
                0x08001c6c                HAL_SPI_MspInit
 .text.HAL_TIM_PWM_MspInit
                0x08001d78       0x40 ./Core/Src/stm32c0xx_hal_msp.o
                0x08001d78                HAL_TIM_PWM_MspInit
 .text.HAL_TIM_Base_MspInit
                0x08001db8       0x40 ./Core/Src/stm32c0xx_hal_msp.o
                0x08001db8                HAL_TIM_Base_MspInit
 .text.HAL_TIM_MspPostInit
                0x08001df8       0x7c ./Core/Src/stm32c0xx_hal_msp.o
                0x08001df8                HAL_TIM_MspPostInit
 .text.HAL_UART_MspInit
                0x08001e74      0x1c4 ./Core/Src/stm32c0xx_hal_msp.o
                0x08001e74                HAL_UART_MspInit
 .text.NMI_Handler
                0x08002038        0x8 ./Core/Src/stm32c0xx_it.o
                0x08002038                NMI_Handler
 .text.HardFault_Handler
                0x08002040        0x8 ./Core/Src/stm32c0xx_it.o
                0x08002040                HardFault_Handler
 .text.SVC_Handler
                0x08002048        0xa ./Core/Src/stm32c0xx_it.o
                0x08002048                SVC_Handler
 .text.PendSV_Handler
                0x08002052        0xa ./Core/Src/stm32c0xx_it.o
                0x08002052                PendSV_Handler
 .text.SysTick_Handler
                0x0800205c        0xe ./Core/Src/stm32c0xx_it.o
                0x0800205c                SysTick_Handler
 *fill*         0x0800206a        0x2 
 .text.DMA1_Channel1_IRQHandler
                0x0800206c       0x18 ./Core/Src/stm32c0xx_it.o
                0x0800206c                DMA1_Channel1_IRQHandler
 .text.DMA1_Channel2_3_IRQHandler
                0x08002084       0x18 ./Core/Src/stm32c0xx_it.o
                0x08002084                DMA1_Channel2_3_IRQHandler
 .text.DMAMUX1_DMA1_CH4_5_IRQHandler
                0x0800209c       0x18 ./Core/Src/stm32c0xx_it.o
                0x0800209c                DMAMUX1_DMA1_CH4_5_IRQHandler
 .text.USART1_IRQHandler
                0x080020b4       0x18 ./Core/Src/stm32c0xx_it.o
                0x080020b4                USART1_IRQHandler
 .text._read    0x080020cc       0x3a ./Core/Src/syscalls.o
                0x080020cc                _read
 .text._write   0x08002106       0x38 ./Core/Src/syscalls.o
                0x08002106                _write
 .text._close   0x0800213e       0x14 ./Core/Src/syscalls.o
                0x0800213e                _close
 .text._fstat   0x08002152       0x1c ./Core/Src/syscalls.o
                0x08002152                _fstat
 .text._isatty  0x0800216e       0x12 ./Core/Src/syscalls.o
                0x0800216e                _isatty
 .text._lseek   0x08002180       0x16 ./Core/Src/syscalls.o
                0x08002180                _lseek
 *fill*         0x08002196        0x2 
 .text._sbrk    0x08002198       0x6c ./Core/Src/sysmem.o
                0x08002198                _sbrk
 .text.SystemInit
                0x08002204       0x18 ./Core/Src/system_stm32c0xx.o
                0x08002204                SystemInit
 .text.Reset_Handler
                0x0800221c       0x50 ./Core/Startup/startup_stm32c071cbtx.o
                0x0800221c                Reset_Handler
 .text.Default_Handler
                0x0800226c        0x2 ./Core/Startup/startup_stm32c071cbtx.o
                0x0800226c                TIM1_CC_IRQHandler
                0x0800226c                USB_DRD_FS_IRQHandler
                0x0800226c                I2C1_IRQHandler
                0x0800226c                RCC_CRS_IRQHandler
                0x0800226c                SPI1_IRQHandler
                0x0800226c                EXTI2_3_IRQHandler
                0x0800226c                ADC1_IRQHandler
                0x0800226c                I2C2_IRQHandler
                0x0800226c                TIM17_IRQHandler
                0x0800226c                RTC_IRQHandler
                0x0800226c                PVD_VDDIO2_IRQHandler
                0x0800226c                TIM16_IRQHandler
                0x0800226c                TIM3_IRQHandler
                0x0800226c                EXTI4_15_IRQHandler
                0x0800226c                Default_Handler
                0x0800226c                TIM14_IRQHandler
                0x0800226c                EXTI0_1_IRQHandler
                0x0800226c                SPI2_IRQHandler
                0x0800226c                WWDG_IRQHandler
                0x0800226c                TIM2_IRQHandler
                0x0800226c                USART2_IRQHandler
                0x0800226c                FLASH_IRQHandler
                0x0800226c                TIM1_BRK_UP_TRG_COM_IRQHandler
 .text.HAL_Init
                0x0800226e       0x2e ./Drivers/STM32C0xx_HAL_Driver/Src/stm32c0xx_hal.o
                0x0800226e                HAL_Init
 .text.HAL_InitTick
                0x0800229c       0x94 ./Drivers/STM32C0xx_HAL_Driver/Src/stm32c0xx_hal.o
                0x0800229c                HAL_InitTick
 .text.HAL_IncTick
                0x08002330       0x24 ./Drivers/STM32C0xx_HAL_Driver/Src/stm32c0xx_hal.o
                0x08002330                HAL_IncTick
 .text.HAL_GetTick
                0x08002354       0x14 ./Drivers/STM32C0xx_HAL_Driver/Src/stm32c0xx_hal.o
                0x08002354                HAL_GetTick
 .text.HAL_Delay
                0x08002368       0x48 ./Drivers/STM32C0xx_HAL_Driver/Src/stm32c0xx_hal.o
                0x08002368                HAL_Delay
 .text.LL_ADC_SetCommonPathInternalCh
                0x080023b0       0x28 ./Drivers/STM32C0xx_HAL_Driver/Src/stm32c0xx_hal_adc.o
 .text.LL_ADC_GetCommonPathInternalCh
                0x080023d8       0x1a ./Drivers/STM32C0xx_HAL_Driver/Src/stm32c0xx_hal_adc.o
 .text.LL_ADC_SetSamplingTimeCommonChannels
                0x080023f2       0x3a ./Drivers/STM32C0xx_HAL_Driver/Src/stm32c0xx_hal_adc.o
 .text.LL_ADC_GetSamplingTimeCommonChannels
                0x0800242c       0x2e ./Drivers/STM32C0xx_HAL_Driver/Src/stm32c0xx_hal_adc.o
 .text.LL_ADC_REG_SetSequencerRanks
                0x0800245a       0x40 ./Drivers/STM32C0xx_HAL_Driver/Src/stm32c0xx_hal_adc.o
 .text.LL_ADC_REG_SetSequencerChAdd
                0x0800249a       0x22 ./Drivers/STM32C0xx_HAL_Driver/Src/stm32c0xx_hal_adc.o
 .text.LL_ADC_REG_SetSequencerChRem
                0x080024bc       0x24 ./Drivers/STM32C0xx_HAL_Driver/Src/stm32c0xx_hal_adc.o
 .text.LL_ADC_SetChannelSamplingTime
                0x080024e0       0x38 ./Drivers/STM32C0xx_HAL_Driver/Src/stm32c0xx_hal_adc.o
 .text.LL_ADC_EnableInternalRegulator
                0x08002518       0x28 ./Drivers/STM32C0xx_HAL_Driver/Src/stm32c0xx_hal_adc.o
 .text.LL_ADC_IsInternalRegulatorEnabled
                0x08002540       0x28 ./Drivers/STM32C0xx_HAL_Driver/Src/stm32c0xx_hal_adc.o
 .text.LL_ADC_IsEnabled
                0x08002568       0x22 ./Drivers/STM32C0xx_HAL_Driver/Src/stm32c0xx_hal_adc.o
 .text.LL_ADC_REG_IsConversionOngoing
                0x0800258a       0x22 ./Drivers/STM32C0xx_HAL_Driver/Src/stm32c0xx_hal_adc.o
 .text.HAL_ADC_Init
                0x080025ac      0x34c ./Drivers/STM32C0xx_HAL_Driver/Src/stm32c0xx_hal_adc.o
                0x080025ac                HAL_ADC_Init
 .text.HAL_ADC_ConfigChannel
                0x080028f8      0x3ac ./Drivers/STM32C0xx_HAL_Driver/Src/stm32c0xx_hal_adc.o
                0x080028f8                HAL_ADC_ConfigChannel
 .text.__NVIC_EnableIRQ
                0x08002ca4       0x34 ./Drivers/STM32C0xx_HAL_Driver/Src/stm32c0xx_hal_cortex.o
 .text.__NVIC_SetPriority
                0x08002cd8       0xdc ./Drivers/STM32C0xx_HAL_Driver/Src/stm32c0xx_hal_cortex.o
 .text.SysTick_Config
                0x08002db4       0x48 ./Drivers/STM32C0xx_HAL_Driver/Src/stm32c0xx_hal_cortex.o
 .text.HAL_NVIC_SetPriority
                0x08002dfc       0x2a ./Drivers/STM32C0xx_HAL_Driver/Src/stm32c0xx_hal_cortex.o
                0x08002dfc                HAL_NVIC_SetPriority
 .text.HAL_NVIC_EnableIRQ
                0x08002e26       0x20 ./Drivers/STM32C0xx_HAL_Driver/Src/stm32c0xx_hal_cortex.o
                0x08002e26                HAL_NVIC_EnableIRQ
 .text.HAL_SYSTICK_Config
                0x08002e46       0x1a ./Drivers/STM32C0xx_HAL_Driver/Src/stm32c0xx_hal_cortex.o
                0x08002e46                HAL_SYSTICK_Config
 .text.HAL_DMA_Init
                0x08002e60      0x114 ./Drivers/STM32C0xx_HAL_Driver/Src/stm32c0xx_hal_dma.o
                0x08002e60                HAL_DMA_Init
 .text.HAL_DMA_Start_IT
                0x08002f74      0x10e ./Drivers/STM32C0xx_HAL_Driver/Src/stm32c0xx_hal_dma.o
                0x08002f74                HAL_DMA_Start_IT
 *fill*         0x08003082        0x2 
 .text.HAL_DMA_Abort
                0x08003084       0xc4 ./Drivers/STM32C0xx_HAL_Driver/Src/stm32c0xx_hal_dma.o
                0x08003084                HAL_DMA_Abort
 .text.HAL_DMA_Abort_IT
                0x08003148       0xf4 ./Drivers/STM32C0xx_HAL_Driver/Src/stm32c0xx_hal_dma.o
                0x08003148                HAL_DMA_Abort_IT
 .text.HAL_DMA_IRQHandler
                0x0800323c      0x164 ./Drivers/STM32C0xx_HAL_Driver/Src/stm32c0xx_hal_dma.o
                0x0800323c                HAL_DMA_IRQHandler
 .text.DMA_SetConfig
                0x080033a0       0x80 ./Drivers/STM32C0xx_HAL_Driver/Src/stm32c0xx_hal_dma.o
 .text.DMA_CalcDMAMUXChannelBaseAndMask
                0x08003420       0x58 ./Drivers/STM32C0xx_HAL_Driver/Src/stm32c0xx_hal_dma.o
 .text.DMA_CalcDMAMUXRequestGenBaseAndMask
                0x08003478       0x48 ./Drivers/STM32C0xx_HAL_Driver/Src/stm32c0xx_hal_dma.o
 .text.HAL_GPIO_Init
                0x080034c0      0x2e4 ./Drivers/STM32C0xx_HAL_Driver/Src/stm32c0xx_hal_gpio.o
                0x080034c0                HAL_GPIO_Init
 .text.HAL_GPIO_WritePin
                0x080037a4       0x3a ./Drivers/STM32C0xx_HAL_Driver/Src/stm32c0xx_hal_gpio.o
                0x080037a4                HAL_GPIO_WritePin
 *fill*         0x080037de        0x2 
 .text.HAL_I2C_Init
                0x080037e0      0x14c ./Drivers/STM32C0xx_HAL_Driver/Src/stm32c0xx_hal_i2c.o
                0x080037e0                HAL_I2C_Init
 .text.HAL_I2C_Master_Transmit
                0x0800392c      0x254 ./Drivers/STM32C0xx_HAL_Driver/Src/stm32c0xx_hal_i2c.o
                0x0800392c                HAL_I2C_Master_Transmit
 .text.HAL_I2C_Master_Receive
                0x08003b80      0x210 ./Drivers/STM32C0xx_HAL_Driver/Src/stm32c0xx_hal_i2c.o
                0x08003b80                HAL_I2C_Master_Receive
 .text.HAL_I2C_GetState
                0x08003d90       0x18 ./Drivers/STM32C0xx_HAL_Driver/Src/stm32c0xx_hal_i2c.o
                0x08003d90                HAL_I2C_GetState
 .text.HAL_I2C_GetError
                0x08003da8       0x14 ./Drivers/STM32C0xx_HAL_Driver/Src/stm32c0xx_hal_i2c.o
                0x08003da8                HAL_I2C_GetError
 .text.I2C_Flush_TXDR
                0x08003dbc       0x44 ./Drivers/STM32C0xx_HAL_Driver/Src/stm32c0xx_hal_i2c.o
 .text.I2C_WaitOnFlagUntilTimeout
                0x08003e00       0xb0 ./Drivers/STM32C0xx_HAL_Driver/Src/stm32c0xx_hal_i2c.o
 .text.I2C_WaitOnTXISFlagUntilTimeout
                0x08003eb0       0x8c ./Drivers/STM32C0xx_HAL_Driver/Src/stm32c0xx_hal_i2c.o
 .text.I2C_WaitOnSTOPFlagUntilTimeout
                0x08003f3c       0x86 ./Drivers/STM32C0xx_HAL_Driver/Src/stm32c0xx_hal_i2c.o
 *fill*         0x08003fc2        0x2 
 .text.I2C_WaitOnRXNEFlagUntilTimeout
                0x08003fc4      0x13c ./Drivers/STM32C0xx_HAL_Driver/Src/stm32c0xx_hal_i2c.o
 .text.I2C_IsErrorOccurred
                0x08004100      0x1f0 ./Drivers/STM32C0xx_HAL_Driver/Src/stm32c0xx_hal_i2c.o
 .text.I2C_TransferConfig
                0x080042f0       0x74 ./Drivers/STM32C0xx_HAL_Driver/Src/stm32c0xx_hal_i2c.o
 .text.HAL_I2CEx_ConfigAnalogFilter
                0x08004364       0x98 ./Drivers/STM32C0xx_HAL_Driver/Src/stm32c0xx_hal_i2c_ex.o
                0x08004364                HAL_I2CEx_ConfigAnalogFilter
 .text.HAL_I2CEx_ConfigDigitalFilter
                0x080043fc       0x98 ./Drivers/STM32C0xx_HAL_Driver/Src/stm32c0xx_hal_i2c_ex.o
                0x080043fc                HAL_I2CEx_ConfigDigitalFilter
 .text.HAL_RCC_OscConfig
                0x08004494      0x44c ./Drivers/STM32C0xx_HAL_Driver/Src/stm32c0xx_hal_rcc.o
                0x08004494                HAL_RCC_OscConfig
 .text.HAL_RCC_ClockConfig
                0x080048e0      0x230 ./Drivers/STM32C0xx_HAL_Driver/Src/stm32c0xx_hal_rcc.o
                0x080048e0                HAL_RCC_ClockConfig
 .text.HAL_RCC_GetSysClockFreq
                0x08004b10       0xb0 ./Drivers/STM32C0xx_HAL_Driver/Src/stm32c0xx_hal_rcc.o
                0x08004b10                HAL_RCC_GetSysClockFreq
 .text.HAL_RCC_GetHCLKFreq
                0x08004bc0       0x3c ./Drivers/STM32C0xx_HAL_Driver/Src/stm32c0xx_hal_rcc.o
                0x08004bc0                HAL_RCC_GetHCLKFreq
 .text.HAL_RCC_GetPCLK1Freq
                0x08004bfc       0x30 ./Drivers/STM32C0xx_HAL_Driver/Src/stm32c0xx_hal_rcc.o
                0x08004bfc                HAL_RCC_GetPCLK1Freq
 .text.HAL_RCCEx_PeriphCLKConfig
                0x08004c2c      0x1f8 ./Drivers/STM32C0xx_HAL_Driver/Src/stm32c0xx_hal_rcc_ex.o
                0x08004c2c                HAL_RCCEx_PeriphCLKConfig
 .text.HAL_SPI_Init
                0x08004e24      0x170 ./Drivers/STM32C0xx_HAL_Driver/Src/stm32c0xx_hal_spi.o
                0x08004e24                HAL_SPI_Init
 .text.HAL_TIM_Base_Init
                0x08004f94       0xb0 ./Drivers/STM32C0xx_HAL_Driver/Src/stm32c0xx_hal_tim.o
                0x08004f94                HAL_TIM_Base_Init
 .text.HAL_TIM_PWM_Init
                0x08005044       0xb0 ./Drivers/STM32C0xx_HAL_Driver/Src/stm32c0xx_hal_tim.o
                0x08005044                HAL_TIM_PWM_Init
 .text.HAL_TIM_PWM_ConfigChannel
                0x080050f4      0x200 ./Drivers/STM32C0xx_HAL_Driver/Src/stm32c0xx_hal_tim.o
                0x080050f4                HAL_TIM_PWM_ConfigChannel
 .text.TIM_Base_SetConfig
                0x080052f4      0x108 ./Drivers/STM32C0xx_HAL_Driver/Src/stm32c0xx_hal_tim.o
                0x080052f4                TIM_Base_SetConfig
 .text.TIM_OC1_SetConfig
                0x080053fc      0x100 ./Drivers/STM32C0xx_HAL_Driver/Src/stm32c0xx_hal_tim.o
 .text.TIM_OC2_SetConfig
                0x080054fc       0xfc ./Drivers/STM32C0xx_HAL_Driver/Src/stm32c0xx_hal_tim.o
                0x080054fc                TIM_OC2_SetConfig
 .text.TIM_OC3_SetConfig
                0x080055f8      0x104 ./Drivers/STM32C0xx_HAL_Driver/Src/stm32c0xx_hal_tim.o
 .text.TIM_OC4_SetConfig
                0x080056fc       0xc8 ./Drivers/STM32C0xx_HAL_Driver/Src/stm32c0xx_hal_tim.o
 .text.TIM_OC5_SetConfig
                0x080057c4       0xb4 ./Drivers/STM32C0xx_HAL_Driver/Src/stm32c0xx_hal_tim.o
 .text.TIM_OC6_SetConfig
                0x08005878       0xbc ./Drivers/STM32C0xx_HAL_Driver/Src/stm32c0xx_hal_tim.o
 .text.HAL_TIMEx_MasterConfigSynchronization
                0x08005934       0xd0 ./Drivers/STM32C0xx_HAL_Driver/Src/stm32c0xx_hal_tim_ex.o
                0x08005934                HAL_TIMEx_MasterConfigSynchronization
 .text.HAL_TIMEx_ConfigBreakDeadTime
                0x08005a04      0x138 ./Drivers/STM32C0xx_HAL_Driver/Src/stm32c0xx_hal_tim_ex.o
                0x08005a04                HAL_TIMEx_ConfigBreakDeadTime
 .text.HAL_UART_Transmit_IT
                0x08005b3c      0x150 ./Drivers/STM32C0xx_HAL_Driver/Src/stm32c0xx_hal_uart.o
                0x08005b3c                HAL_UART_Transmit_IT
 .text.HAL_UART_Abort_IT
                0x08005c8c      0x268 ./Drivers/STM32C0xx_HAL_Driver/Src/stm32c0xx_hal_uart.o
                0x08005c8c                HAL_UART_Abort_IT
 .text.HAL_UART_IRQHandler
                0x08005ef4      0x68c ./Drivers/STM32C0xx_HAL_Driver/Src/stm32c0xx_hal_uart.o
                0x08005ef4                HAL_UART_IRQHandler
 .text.HAL_UART_RxCpltCallback
                0x08006580       0x10 ./Drivers/STM32C0xx_HAL_Driver/Src/stm32c0xx_hal_uart.o
                0x08006580                HAL_UART_RxCpltCallback
 .text.HAL_UART_RxHalfCpltCallback
                0x08006590       0x10 ./Drivers/STM32C0xx_HAL_Driver/Src/stm32c0xx_hal_uart.o
                0x08006590                HAL_UART_RxHalfCpltCallback
 .text.HAL_UART_ErrorCallback
                0x080065a0       0x10 ./Drivers/STM32C0xx_HAL_Driver/Src/stm32c0xx_hal_uart.o
                0x080065a0                HAL_UART_ErrorCallback
 .text.HAL_UART_AbortCpltCallback
                0x080065b0       0x10 ./Drivers/STM32C0xx_HAL_Driver/Src/stm32c0xx_hal_uart.o
                0x080065b0                HAL_UART_AbortCpltCallback
 .text.UART_SetConfig
                0x080065c0      0x2fc ./Drivers/STM32C0xx_HAL_Driver/Src/stm32c0xx_hal_uart.o
                0x080065c0                UART_SetConfig
 .text.UART_AdvFeatureConfig
                0x080068bc      0x168 ./Drivers/STM32C0xx_HAL_Driver/Src/stm32c0xx_hal_uart.o
                0x080068bc                UART_AdvFeatureConfig
 .text.UART_CheckIdleState
                0x08006a24      0x154 ./Drivers/STM32C0xx_HAL_Driver/Src/stm32c0xx_hal_uart.o
                0x08006a24                UART_CheckIdleState
 .text.UART_WaitOnFlagUntilTimeout
                0x08006b78       0xde ./Drivers/STM32C0xx_HAL_Driver/Src/stm32c0xx_hal_uart.o
                0x08006b78                UART_WaitOnFlagUntilTimeout
 *fill*         0x08006c56        0x2 
 .text.UART_Start_Receive_DMA
                0x08006c58      0x14c ./Drivers/STM32C0xx_HAL_Driver/Src/stm32c0xx_hal_uart.o
                0x08006c58                UART_Start_Receive_DMA
 .text.UART_EndTxTransfer
                0x08006da4       0x80 ./Drivers/STM32C0xx_HAL_Driver/Src/stm32c0xx_hal_uart.o
 .text.UART_EndRxTransfer
                0x08006e24       0xcc ./Drivers/STM32C0xx_HAL_Driver/Src/stm32c0xx_hal_uart.o
 .text.UART_DMAReceiveCplt
                0x08006ef0      0x130 ./Drivers/STM32C0xx_HAL_Driver/Src/stm32c0xx_hal_uart.o
 .text.UART_DMARxHalfCplt
                0x08007020       0x42 ./Drivers/STM32C0xx_HAL_Driver/Src/stm32c0xx_hal_uart.o
 .text.UART_DMAError
                0x08007062       0x86 ./Drivers/STM32C0xx_HAL_Driver/Src/stm32c0xx_hal_uart.o
 .text.UART_DMAAbortOnError
                0x080070e8       0x2e ./Drivers/STM32C0xx_HAL_Driver/Src/stm32c0xx_hal_uart.o
 .text.UART_DMATxAbortCallback
                0x08007116       0x90 ./Drivers/STM32C0xx_HAL_Driver/Src/stm32c0xx_hal_uart.o
 .text.UART_DMARxAbortCallback
                0x080071a6       0x82 ./Drivers/STM32C0xx_HAL_Driver/Src/stm32c0xx_hal_uart.o
 .text.UART_TxISR_8BIT
                0x08007228       0xb4 ./Drivers/STM32C0xx_HAL_Driver/Src/stm32c0xx_hal_uart.o
 .text.UART_TxISR_16BIT
                0x080072dc       0xbe ./Drivers/STM32C0xx_HAL_Driver/Src/stm32c0xx_hal_uart.o
 *fill*         0x0800739a        0x2 
 .text.UART_TxISR_8BIT_FIFOEN
                0x0800739c       0xec ./Drivers/STM32C0xx_HAL_Driver/Src/stm32c0xx_hal_uart.o
 .text.UART_TxISR_16BIT_FIFOEN
                0x08007488       0xf4 ./Drivers/STM32C0xx_HAL_Driver/Src/stm32c0xx_hal_uart.o
 .text.UART_EndTransmit_IT
                0x0800757c       0x58 ./Drivers/STM32C0xx_HAL_Driver/Src/stm32c0xx_hal_uart.o
 .text.HAL_RS485Ex_Init
                0x080075d4       0xe4 ./Drivers/STM32C0xx_HAL_Driver/Src/stm32c0xx_hal_uart_ex.o
                0x080075d4                HAL_RS485Ex_Init
 .text.HAL_UARTEx_WakeupCallback
                0x080076b8       0x10 ./Drivers/STM32C0xx_HAL_Driver/Src/stm32c0xx_hal_uart_ex.o
                0x080076b8                HAL_UARTEx_WakeupCallback
 .text.HAL_UARTEx_RxFifoFullCallback
                0x080076c8       0x10 ./Drivers/STM32C0xx_HAL_Driver/Src/stm32c0xx_hal_uart_ex.o
                0x080076c8                HAL_UARTEx_RxFifoFullCallback
 .text.HAL_UARTEx_TxFifoEmptyCallback
                0x080076d8       0x10 ./Drivers/STM32C0xx_HAL_Driver/Src/stm32c0xx_hal_uart_ex.o
                0x080076d8                HAL_UARTEx_TxFifoEmptyCallback
 .text.HAL_UARTEx_DisableFifoMode
                0x080076e8       0x74 ./Drivers/STM32C0xx_HAL_Driver/Src/stm32c0xx_hal_uart_ex.o
                0x080076e8                HAL_UARTEx_DisableFifoMode
 .text.HAL_UARTEx_SetTxFifoThreshold
                0x0800775c       0x7e ./Drivers/STM32C0xx_HAL_Driver/Src/stm32c0xx_hal_uart_ex.o
                0x0800775c                HAL_UARTEx_SetTxFifoThreshold
 *fill*         0x080077da        0x2 
 .text.HAL_UARTEx_SetRxFifoThreshold
                0x080077dc       0x84 ./Drivers/STM32C0xx_HAL_Driver/Src/stm32c0xx_hal_uart_ex.o
                0x080077dc                HAL_UARTEx_SetRxFifoThreshold
 .text.HAL_UARTEx_ReceiveToIdle_DMA
                0x08007860       0xd0 ./Drivers/STM32C0xx_HAL_Driver/Src/stm32c0xx_hal_uart_ex.o
                0x08007860                HAL_UARTEx_ReceiveToIdle_DMA
 .text.UARTEx_SetNbDataToProcess
                0x08007930       0xbc ./Drivers/STM32C0xx_HAL_Driver/Src/stm32c0xx_hal_uart_ex.o
 .text.std      0x080079ec       0x6c C:/STM32CubeIDE_1.14.0/STM32CubeIDE/plugins/com.st.stm32cube.ide.mcu.externaltools.gnu-tools-for-stm32.12.3.rel1.win32_1.0.200.202406191623/tools/bin/../lib/gcc/arm-none-eabi/12.3.1/../../../../arm-none-eabi/lib/thumb/v6-m/nofp\libc_nano.a(libc_a-findfp.o)
 .text.stdio_exit_handler
                0x08007a58       0x1c C:/STM32CubeIDE_1.14.0/STM32CubeIDE/plugins/com.st.stm32cube.ide.mcu.externaltools.gnu-tools-for-stm32.12.3.rel1.win32_1.0.200.202406191623/tools/bin/../lib/gcc/arm-none-eabi/12.3.1/../../../../arm-none-eabi/lib/thumb/v6-m/nofp\libc_nano.a(libc_a-findfp.o)
 .text.cleanup_stdio
                0x08007a74       0x3c C:/STM32CubeIDE_1.14.0/STM32CubeIDE/plugins/com.st.stm32cube.ide.mcu.externaltools.gnu-tools-for-stm32.12.3.rel1.win32_1.0.200.202406191623/tools/bin/../lib/gcc/arm-none-eabi/12.3.1/../../../../arm-none-eabi/lib/thumb/v6-m/nofp\libc_nano.a(libc_a-findfp.o)
 .text.global_stdio_init.part.0
                0x08007ab0       0x3c C:/STM32CubeIDE_1.14.0/STM32CubeIDE/plugins/com.st.stm32cube.ide.mcu.externaltools.gnu-tools-for-stm32.12.3.rel1.win32_1.0.200.202406191623/tools/bin/../lib/gcc/arm-none-eabi/12.3.1/../../../../arm-none-eabi/lib/thumb/v6-m/nofp\libc_nano.a(libc_a-findfp.o)
 .text.__sfp_lock_acquire
                0x08007aec       0x10 C:/STM32CubeIDE_1.14.0/STM32CubeIDE/plugins/com.st.stm32cube.ide.mcu.externaltools.gnu-tools-for-stm32.12.3.rel1.win32_1.0.200.202406191623/tools/bin/../lib/gcc/arm-none-eabi/12.3.1/../../../../arm-none-eabi/lib/thumb/v6-m/nofp\libc_nano.a(libc_a-findfp.o)
                0x08007aec                __sfp_lock_acquire
 .text.__sfp_lock_release
                0x08007afc       0x10 C:/STM32CubeIDE_1.14.0/STM32CubeIDE/plugins/com.st.stm32cube.ide.mcu.externaltools.gnu-tools-for-stm32.12.3.rel1.win32_1.0.200.202406191623/tools/bin/../lib/gcc/arm-none-eabi/12.3.1/../../../../arm-none-eabi/lib/thumb/v6-m/nofp\libc_nano.a(libc_a-findfp.o)
                0x08007afc                __sfp_lock_release
 .text.__sinit  0x08007b0c       0x30 C:/STM32CubeIDE_1.14.0/STM32CubeIDE/plugins/com.st.stm32cube.ide.mcu.externaltools.gnu-tools-for-stm32.12.3.rel1.win32_1.0.200.202406191623/tools/bin/../lib/gcc/arm-none-eabi/12.3.1/../../../../arm-none-eabi/lib/thumb/v6-m/nofp\libc_nano.a(libc_a-findfp.o)
                0x08007b0c                __sinit
 .text._fwalk_sglue
                0x08007b3c       0x38 C:/STM32CubeIDE_1.14.0/STM32CubeIDE/plugins/com.st.stm32cube.ide.mcu.externaltools.gnu-tools-for-stm32.12.3.rel1.win32_1.0.200.202406191623/tools/bin/../lib/gcc/arm-none-eabi/12.3.1/../../../../arm-none-eabi/lib/thumb/v6-m/nofp\libc_nano.a(libc_a-fwalk.o)
                0x08007b3c                _fwalk_sglue
 .text.printf   0x08007b74       0x20 C:/STM32CubeIDE_1.14.0/STM32CubeIDE/plugins/com.st.stm32cube.ide.mcu.externaltools.gnu-tools-for-stm32.12.3.rel1.win32_1.0.200.202406191623/tools/bin/../lib/gcc/arm-none-eabi/12.3.1/../../../../arm-none-eabi/lib/thumb/v6-m/nofp\libc_nano.a(libc_a-printf.o)
                0x08007b74                iprintf
                0x08007b74                printf
 .text._puts_r  0x08007b94       0xac C:/STM32CubeIDE_1.14.0/STM32CubeIDE/plugins/com.st.stm32cube.ide.mcu.externaltools.gnu-tools-for-stm32.12.3.rel1.win32_1.0.200.202406191623/tools/bin/../lib/gcc/arm-none-eabi/12.3.1/../../../../arm-none-eabi/lib/thumb/v6-m/nofp\libc_nano.a(libc_a-puts.o)
                0x08007b94                _puts_r
 .text.puts     0x08007c40       0x14 C:/STM32CubeIDE_1.14.0/STM32CubeIDE/plugins/com.st.stm32cube.ide.mcu.externaltools.gnu-tools-for-stm32.12.3.rel1.win32_1.0.200.202406191623/tools/bin/../lib/gcc/arm-none-eabi/12.3.1/../../../../arm-none-eabi/lib/thumb/v6-m/nofp\libc_nano.a(libc_a-puts.o)
                0x08007c40                puts
 .text.__sread  0x08007c54       0x28 C:/STM32CubeIDE_1.14.0/STM32CubeIDE/plugins/com.st.stm32cube.ide.mcu.externaltools.gnu-tools-for-stm32.12.3.rel1.win32_1.0.200.202406191623/tools/bin/../lib/gcc/arm-none-eabi/12.3.1/../../../../arm-none-eabi/lib/thumb/v6-m/nofp\libc_nano.a(libc_a-stdio.o)
                0x08007c54                __sread
 .text.__swrite
                0x08007c7c       0x38 C:/STM32CubeIDE_1.14.0/STM32CubeIDE/plugins/com.st.stm32cube.ide.mcu.externaltools.gnu-tools-for-stm32.12.3.rel1.win32_1.0.200.202406191623/tools/bin/../lib/gcc/arm-none-eabi/12.3.1/../../../../arm-none-eabi/lib/thumb/v6-m/nofp\libc_nano.a(libc_a-stdio.o)
                0x08007c7c                __swrite
 .text.__sseek  0x08007cb4       0x2c C:/STM32CubeIDE_1.14.0/STM32CubeIDE/plugins/com.st.stm32cube.ide.mcu.externaltools.gnu-tools-for-stm32.12.3.rel1.win32_1.0.200.202406191623/tools/bin/../lib/gcc/arm-none-eabi/12.3.1/../../../../arm-none-eabi/lib/thumb/v6-m/nofp\libc_nano.a(libc_a-stdio.o)
                0x08007cb4                __sseek
 .text.__sclose
                0x08007ce0        0xc C:/STM32CubeIDE_1.14.0/STM32CubeIDE/plugins/com.st.stm32cube.ide.mcu.externaltools.gnu-tools-for-stm32.12.3.rel1.win32_1.0.200.202406191623/tools/bin/../lib/gcc/arm-none-eabi/12.3.1/../../../../arm-none-eabi/lib/thumb/v6-m/nofp\libc_nano.a(libc_a-stdio.o)
                0x08007ce0                __sclose
 .text.__swbuf_r
                0x08007cec       0x84 C:/STM32CubeIDE_1.14.0/STM32CubeIDE/plugins/com.st.stm32cube.ide.mcu.externaltools.gnu-tools-for-stm32.12.3.rel1.win32_1.0.200.202406191623/tools/bin/../lib/gcc/arm-none-eabi/12.3.1/../../../../arm-none-eabi/lib/thumb/v6-m/nofp\libc_nano.a(libc_a-wbuf.o)
                0x08007cec                __swbuf_r
 .text.__swsetup_r
                0x08007d70       0xbc C:/STM32CubeIDE_1.14.0/STM32CubeIDE/plugins/com.st.stm32cube.ide.mcu.externaltools.gnu-tools-for-stm32.12.3.rel1.win32_1.0.200.202406191623/tools/bin/../lib/gcc/arm-none-eabi/12.3.1/../../../../arm-none-eabi/lib/thumb/v6-m/nofp\libc_nano.a(libc_a-wsetup.o)
                0x08007d70                __swsetup_r
 .text.memset   0x08007e2c       0x10 C:/STM32CubeIDE_1.14.0/STM32CubeIDE/plugins/com.st.stm32cube.ide.mcu.externaltools.gnu-tools-for-stm32.12.3.rel1.win32_1.0.200.202406191623/tools/bin/../lib/gcc/arm-none-eabi/12.3.1/../../../../arm-none-eabi/lib/thumb/v6-m/nofp\libc_nano.a(libc_a-memset.o)
                0x08007e2c                memset
 .text._close_r
                0x08007e3c       0x24 C:/STM32CubeIDE_1.14.0/STM32CubeIDE/plugins/com.st.stm32cube.ide.mcu.externaltools.gnu-tools-for-stm32.12.3.rel1.win32_1.0.200.202406191623/tools/bin/../lib/gcc/arm-none-eabi/12.3.1/../../../../arm-none-eabi/lib/thumb/v6-m/nofp\libc_nano.a(libc_a-closer.o)
                0x08007e3c                _close_r
 .text._lseek_r
                0x08007e60       0x28 C:/STM32CubeIDE_1.14.0/STM32CubeIDE/plugins/com.st.stm32cube.ide.mcu.externaltools.gnu-tools-for-stm32.12.3.rel1.win32_1.0.200.202406191623/tools/bin/../lib/gcc/arm-none-eabi/12.3.1/../../../../arm-none-eabi/lib/thumb/v6-m/nofp\libc_nano.a(libc_a-lseekr.o)
                0x08007e60                _lseek_r
 .text._read_r  0x08007e88       0x28 C:/STM32CubeIDE_1.14.0/STM32CubeIDE/plugins/com.st.stm32cube.ide.mcu.externaltools.gnu-tools-for-stm32.12.3.rel1.win32_1.0.200.202406191623/tools/bin/../lib/gcc/arm-none-eabi/12.3.1/../../../../arm-none-eabi/lib/thumb/v6-m/nofp\libc_nano.a(libc_a-readr.o)
                0x08007e88                _read_r
 .text._write_r
                0x08007eb0       0x28 C:/STM32CubeIDE_1.14.0/STM32CubeIDE/plugins/com.st.stm32cube.ide.mcu.externaltools.gnu-tools-for-stm32.12.3.rel1.win32_1.0.200.202406191623/tools/bin/../lib/gcc/arm-none-eabi/12.3.1/../../../../arm-none-eabi/lib/thumb/v6-m/nofp\libc_nano.a(libc_a-writer.o)
                0x08007eb0                _write_r
 .text.__errno  0x08007ed8        0xc C:/STM32CubeIDE_1.14.0/STM32CubeIDE/plugins/com.st.stm32cube.ide.mcu.externaltools.gnu-tools-for-stm32.12.3.rel1.win32_1.0.200.202406191623/tools/bin/../lib/gcc/arm-none-eabi/12.3.1/../../../../arm-none-eabi/lib/thumb/v6-m/nofp\libc_nano.a(libc_a-errno.o)
                0x08007ed8                __errno
 .text.__libc_init_array
                0x08007ee4       0x48 C:/STM32CubeIDE_1.14.0/STM32CubeIDE/plugins/com.st.stm32cube.ide.mcu.externaltools.gnu-tools-for-stm32.12.3.rel1.win32_1.0.200.202406191623/tools/bin/../lib/gcc/arm-none-eabi/12.3.1/../../../../arm-none-eabi/lib/thumb/v6-m/nofp\libc_nano.a(libc_a-init.o)
                0x08007ee4                __libc_init_array
 .text.__retarget_lock_init_recursive
                0x08007f2c        0x2 C:/STM32CubeIDE_1.14.0/STM32CubeIDE/plugins/com.st.stm32cube.ide.mcu.externaltools.gnu-tools-for-stm32.12.3.rel1.win32_1.0.200.202406191623/tools/bin/../lib/gcc/arm-none-eabi/12.3.1/../../../../arm-none-eabi/lib/thumb/v6-m/nofp\libc_nano.a(libc_a-lock.o)
                0x08007f2c                __retarget_lock_init_recursive
 .text.__retarget_lock_acquire_recursive
                0x08007f2e        0x2 C:/STM32CubeIDE_1.14.0/STM32CubeIDE/plugins/com.st.stm32cube.ide.mcu.externaltools.gnu-tools-for-stm32.12.3.rel1.win32_1.0.200.202406191623/tools/bin/../lib/gcc/arm-none-eabi/12.3.1/../../../../arm-none-eabi/lib/thumb/v6-m/nofp\libc_nano.a(libc_a-lock.o)
                0x08007f2e                __retarget_lock_acquire_recursive
 .text.__retarget_lock_release_recursive
                0x08007f30        0x2 C:/STM32CubeIDE_1.14.0/STM32CubeIDE/plugins/com.st.stm32cube.ide.mcu.externaltools.gnu-tools-for-stm32.12.3.rel1.win32_1.0.200.202406191623/tools/bin/../lib/gcc/arm-none-eabi/12.3.1/../../../../arm-none-eabi/lib/thumb/v6-m/nofp\libc_nano.a(libc_a-lock.o)
                0x08007f30                __retarget_lock_release_recursive
 .text.memcpy   0x08007f32       0x12 C:/STM32CubeIDE_1.14.0/STM32CubeIDE/plugins/com.st.stm32cube.ide.mcu.externaltools.gnu-tools-for-stm32.12.3.rel1.win32_1.0.200.202406191623/tools/bin/../lib/gcc/arm-none-eabi/12.3.1/../../../../arm-none-eabi/lib/thumb/v6-m/nofp\libc_nano.a(libc_a-memcpy-stub.o)
                0x08007f32                memcpy
 .text._free_r  0x08007f44       0x94 C:/STM32CubeIDE_1.14.0/STM32CubeIDE/plugins/com.st.stm32cube.ide.mcu.externaltools.gnu-tools-for-stm32.12.3.rel1.win32_1.0.200.202406191623/tools/bin/../lib/gcc/arm-none-eabi/12.3.1/../../../../arm-none-eabi/lib/thumb/v6-m/nofp\libc_nano.a(libc_a-freer.o)
                0x08007f44                _free_r
 .text.sbrk_aligned
                0x08007fd8       0x44 C:/STM32CubeIDE_1.14.0/STM32CubeIDE/plugins/com.st.stm32cube.ide.mcu.externaltools.gnu-tools-for-stm32.12.3.rel1.win32_1.0.200.202406191623/tools/bin/../lib/gcc/arm-none-eabi/12.3.1/../../../../arm-none-eabi/lib/thumb/v6-m/nofp\libc_nano.a(libc_a-mallocr.o)
 .text._malloc_r
                0x0800801c      0x100 C:/STM32CubeIDE_1.14.0/STM32CubeIDE/plugins/com.st.stm32cube.ide.mcu.externaltools.gnu-tools-for-stm32.12.3.rel1.win32_1.0.200.202406191623/tools/bin/../lib/gcc/arm-none-eabi/12.3.1/../../../../arm-none-eabi/lib/thumb/v6-m/nofp\libc_nano.a(libc_a-mallocr.o)
                0x0800801c                _malloc_r
 .text.__malloc_lock
                0x0800811c       0x10 C:/STM32CubeIDE_1.14.0/STM32CubeIDE/plugins/com.st.stm32cube.ide.mcu.externaltools.gnu-tools-for-stm32.12.3.rel1.win32_1.0.200.202406191623/tools/bin/../lib/gcc/arm-none-eabi/12.3.1/../../../../arm-none-eabi/lib/thumb/v6-m/nofp\libc_nano.a(libc_a-mlock.o)
                0x0800811c                __malloc_lock
 .text.__malloc_unlock
                0x0800812c       0x10 C:/STM32CubeIDE_1.14.0/STM32CubeIDE/plugins/com.st.stm32cube.ide.mcu.externaltools.gnu-tools-for-stm32.12.3.rel1.win32_1.0.200.202406191623/tools/bin/../lib/gcc/arm-none-eabi/12.3.1/../../../../arm-none-eabi/lib/thumb/v6-m/nofp\libc_nano.a(libc_a-mlock.o)
                0x0800812c                __malloc_unlock
 .text.__sfputc_r
                0x0800813c       0x2a C:/STM32CubeIDE_1.14.0/STM32CubeIDE/plugins/com.st.stm32cube.ide.mcu.externaltools.gnu-tools-for-stm32.12.3.rel1.win32_1.0.200.202406191623/tools/bin/../lib/gcc/arm-none-eabi/12.3.1/../../../../arm-none-eabi/lib/thumb/v6-m/nofp\libc_nano.a(libc_a-nano-vfprintf.o)
 .text.__sfputs_r
                0x08008166       0x24 C:/STM32CubeIDE_1.14.0/STM32CubeIDE/plugins/com.st.stm32cube.ide.mcu.externaltools.gnu-tools-for-stm32.12.3.rel1.win32_1.0.200.202406191623/tools/bin/../lib/gcc/arm-none-eabi/12.3.1/../../../../arm-none-eabi/lib/thumb/v6-m/nofp\libc_nano.a(libc_a-nano-vfprintf.o)
                0x08008166                __sfputs_r
 *fill*         0x0800818a        0x2 
 .text._vfprintf_r
                0x0800818c      0x238 C:/STM32CubeIDE_1.14.0/STM32CubeIDE/plugins/com.st.stm32cube.ide.mcu.externaltools.gnu-tools-for-stm32.12.3.rel1.win32_1.0.200.202406191623/tools/bin/../lib/gcc/arm-none-eabi/12.3.1/../../../../arm-none-eabi/lib/thumb/v6-m/nofp\libc_nano.a(libc_a-nano-vfprintf.o)
                0x0800818c                _vfprintf_r
                0x0800818c                _vfiprintf_r
 .text._printf_common
                0x080083c4       0xde C:/STM32CubeIDE_1.14.0/STM32CubeIDE/plugins/com.st.stm32cube.ide.mcu.externaltools.gnu-tools-for-stm32.12.3.rel1.win32_1.0.200.202406191623/tools/bin/../lib/gcc/arm-none-eabi/12.3.1/../../../../arm-none-eabi/lib/thumb/v6-m/nofp\libc_nano.a(libc_a-nano-vfprintf_i.o)
                0x080083c4                _printf_common
 *fill*         0x080084a2        0x2 
 .text._printf_i
                0x080084a4      0x21c C:/STM32CubeIDE_1.14.0/STM32CubeIDE/plugins/com.st.stm32cube.ide.mcu.externaltools.gnu-tools-for-stm32.12.3.rel1.win32_1.0.200.202406191623/tools/bin/../lib/gcc/arm-none-eabi/12.3.1/../../../../arm-none-eabi/lib/thumb/v6-m/nofp\libc_nano.a(libc_a-nano-vfprintf_i.o)
                0x080084a4                _printf_i
 .text.__sflush_r
                0x080086c0      0x10c C:/STM32CubeIDE_1.14.0/STM32CubeIDE/plugins/com.st.stm32cube.ide.mcu.externaltools.gnu-tools-for-stm32.12.3.rel1.win32_1.0.200.202406191623/tools/bin/../lib/gcc/arm-none-eabi/12.3.1/../../../../arm-none-eabi/lib/thumb/v6-m/nofp\libc_nano.a(libc_a-fflush.o)
                0x080086c0                __sflush_r
 .text._fflush_r
                0x080087cc       0x56 C:/STM32CubeIDE_1.14.0/STM32CubeIDE/plugins/com.st.stm32cube.ide.mcu.externaltools.gnu-tools-for-stm32.12.3.rel1.win32_1.0.200.202406191623/tools/bin/../lib/gcc/arm-none-eabi/12.3.1/../../../../arm-none-eabi/lib/thumb/v6-m/nofp\libc_nano.a(libc_a-fflush.o)
                0x080087cc                _fflush_r
 *fill*         0x08008822        0x2 
 .text.__swhatbuf_r
                0x08008824       0x54 C:/STM32CubeIDE_1.14.0/STM32CubeIDE/plugins/com.st.stm32cube.ide.mcu.externaltools.gnu-tools-for-stm32.12.3.rel1.win32_1.0.200.202406191623/tools/bin/../lib/gcc/arm-none-eabi/12.3.1/../../../../arm-none-eabi/lib/thumb/v6-m/nofp\libc_nano.a(libc_a-makebuf.o)
                0x08008824                __swhatbuf_r
 .text.__smakebuf_r
                0x08008878       0x82 C:/STM32CubeIDE_1.14.0/STM32CubeIDE/plugins/com.st.stm32cube.ide.mcu.externaltools.gnu-tools-for-stm32.12.3.rel1.win32_1.0.200.202406191623/tools/bin/../lib/gcc/arm-none-eabi/12.3.1/../../../../arm-none-eabi/lib/thumb/v6-m/nofp\libc_nano.a(libc_a-makebuf.o)
                0x08008878                __smakebuf_r
 *fill*         0x080088fa        0x2 
 .text._fstat_r
                0x080088fc       0x24 C:/STM32CubeIDE_1.14.0/STM32CubeIDE/plugins/com.st.stm32cube.ide.mcu.externaltools.gnu-tools-for-stm32.12.3.rel1.win32_1.0.200.202406191623/tools/bin/../lib/gcc/arm-none-eabi/12.3.1/../../../../arm-none-eabi/lib/thumb/v6-m/nofp\libc_nano.a(libc_a-fstatr.o)
                0x080088fc                _fstat_r
 .text._isatty_r
                0x08008920       0x24 C:/STM32CubeIDE_1.14.0/STM32CubeIDE/plugins/com.st.stm32cube.ide.mcu.externaltools.gnu-tools-for-stm32.12.3.rel1.win32_1.0.200.202406191623/tools/bin/../lib/gcc/arm-none-eabi/12.3.1/../../../../arm-none-eabi/lib/thumb/v6-m/nofp\libc_nano.a(libc_a-isattyr.o)
                0x08008920                _isatty_r
 .text._sbrk_r  0x08008944       0x24 C:/STM32CubeIDE_1.14.0/STM32CubeIDE/plugins/com.st.stm32cube.ide.mcu.externaltools.gnu-tools-for-stm32.12.3.rel1.win32_1.0.200.202406191623/tools/bin/../lib/gcc/arm-none-eabi/12.3.1/../../../../arm-none-eabi/lib/thumb/v6-m/nofp\libc_nano.a(libc_a-sbrkr.o)
                0x08008944                _sbrk_r
 .text.memchr   0x08008968       0x16 C:/STM32CubeIDE_1.14.0/STM32CubeIDE/plugins/com.st.stm32cube.ide.mcu.externaltools.gnu-tools-for-stm32.12.3.rel1.win32_1.0.200.202406191623/tools/bin/../lib/gcc/arm-none-eabi/12.3.1/../../../../arm-none-eabi/lib/thumb/v6-m/nofp\libc_nano.a(libc_a-memchr-stub.o)
                0x08008968                memchr
 *(.glue_7)
 .glue_7        0x0800897e        0x0 linker stubs
 *(.glue_7t)
 .glue_7t       0x0800897e        0x0 linker stubs
 *(.eh_frame)
 *fill*         0x0800897e        0x2 
 .eh_frame      0x08008980        0x0 C:/STM32CubeIDE_1.14.0/STM32CubeIDE/plugins/com.st.stm32cube.ide.mcu.externaltools.gnu-tools-for-stm32.12.3.rel1.win32_1.0.200.202406191623/tools/bin/../lib/gcc/arm-none-eabi/12.3.1/thumb/v6-m/nofp/crtbegin.o
 *(.init)
 .init          0x08008980        0x4 C:/STM32CubeIDE_1.14.0/STM32CubeIDE/plugins/com.st.stm32cube.ide.mcu.externaltools.gnu-tools-for-stm32.12.3.rel1.win32_1.0.200.202406191623/tools/bin/../lib/gcc/arm-none-eabi/12.3.1/thumb/v6-m/nofp/crti.o
                0x08008980                _init
 .init          0x08008984        0x8 C:/STM32CubeIDE_1.14.0/STM32CubeIDE/plugins/com.st.stm32cube.ide.mcu.externaltools.gnu-tools-for-stm32.12.3.rel1.win32_1.0.200.202406191623/tools/bin/../lib/gcc/arm-none-eabi/12.3.1/thumb/v6-m/nofp/crtn.o
 *(.fini)
 .fini          0x0800898c        0x4 C:/STM32CubeIDE_1.14.0/STM32CubeIDE/plugins/com.st.stm32cube.ide.mcu.externaltools.gnu-tools-for-stm32.12.3.rel1.win32_1.0.200.202406191623/tools/bin/../lib/gcc/arm-none-eabi/12.3.1/thumb/v6-m/nofp/crti.o
                0x0800898c                _fini
 .fini          0x08008990        0x8 C:/STM32CubeIDE_1.14.0/STM32CubeIDE/plugins/com.st.stm32cube.ide.mcu.externaltools.gnu-tools-for-stm32.12.3.rel1.win32_1.0.200.202406191623/tools/bin/../lib/gcc/arm-none-eabi/12.3.1/thumb/v6-m/nofp/crtn.o
                0x08008998                        . = ALIGN (0x4)
                0x08008998                        _etext = .

.vfp11_veneer   0x08008998        0x0
 .vfp11_veneer  0x08008998        0x0 linker stubs

.v4_bx          0x08008998        0x0
 .v4_bx         0x08008998        0x0 linker stubs

.iplt           0x08008998        0x0
 .iplt          0x08008998        0x0 C:/STM32CubeIDE_1.14.0/STM32CubeIDE/plugins/com.st.stm32cube.ide.mcu.externaltools.gnu-tools-for-stm32.12.3.rel1.win32_1.0.200.202406191623/tools/bin/../lib/gcc/arm-none-eabi/12.3.1/thumb/v6-m/nofp/crtbegin.o

.rodata         0x08008998      0x544
                0x08008998                        . = ALIGN (0x4)
 *(.rodata)
 .rodata        0x08008998       0x3b ./Core/Src/bno055.o
 *fill*         0x080089d3        0x1 
 .rodata        0x080089d4      0x1cd ./Core/Src/main.o
 *(.rodata*)
 *fill*         0x08008ba1        0x3 
 .rodata.table_crc_hi
                0x08008ba4      0x100 ./Core/Src/modbus.o
 .rodata.table_crc_lo
                0x08008ca4      0x100 ./Core/Src/modbus.o
 .rodata.modbus_change_baud_rate
                0x08008da4       0x28 ./Core/Src/modbus.o
 .rodata.AHBPrescTable
                0x08008dcc       0x40 ./Core/Src/system_stm32c0xx.o
                0x08008dcc                AHBPrescTable
 .rodata.APBPrescTable
                0x08008e0c       0x20 ./Core/Src/system_stm32c0xx.o
                0x08008e0c                APBPrescTable
 .rodata.HAL_TIM_PWM_ConfigChannel
                0x08008e2c       0x54 ./Drivers/STM32C0xx_HAL_Driver/Src/stm32c0xx_hal_tim.o
 .rodata.UARTPrescTable
                0x08008e80       0x18 ./Drivers/STM32C0xx_HAL_Driver/Src/stm32c0xx_hal_uart.o
                0x08008e80                UARTPrescTable
 .rodata.numerator.1
                0x08008e98        0x8 ./Drivers/STM32C0xx_HAL_Driver/Src/stm32c0xx_hal_uart_ex.o
 .rodata.denominator.0
                0x08008ea0        0x8 ./Drivers/STM32C0xx_HAL_Driver/Src/stm32c0xx_hal_uart_ex.o
 .rodata._vfprintf_r.str1.1
                0x08008ea8       0x11 C:/STM32CubeIDE_1.14.0/STM32CubeIDE/plugins/com.st.stm32cube.ide.mcu.externaltools.gnu-tools-for-stm32.12.3.rel1.win32_1.0.200.202406191623/tools/bin/../lib/gcc/arm-none-eabi/12.3.1/../../../../arm-none-eabi/lib/thumb/v6-m/nofp\libc_nano.a(libc_a-nano-vfprintf.o)
 .rodata._printf_i.str1.1
                0x08008eb9       0x22 C:/STM32CubeIDE_1.14.0/STM32CubeIDE/plugins/com.st.stm32cube.ide.mcu.externaltools.gnu-tools-for-stm32.12.3.rel1.win32_1.0.200.202406191623/tools/bin/../lib/gcc/arm-none-eabi/12.3.1/../../../../arm-none-eabi/lib/thumb/v6-m/nofp\libc_nano.a(libc_a-nano-vfprintf_i.o)
                0x08008edc                        . = ALIGN (0x4)
 *fill*         0x08008edb        0x1 

.ARM.extab      0x08008edc        0x0
                0x08008edc                        . = ALIGN (0x4)
 *(.ARM.extab* .gnu.linkonce.armextab.*)
                0x08008edc                        . = ALIGN (0x4)

.ARM            0x08008edc        0x0
                0x08008edc                        . = ALIGN (0x4)
                0x08008edc                        __exidx_start = .
 *(.ARM.exidx*)
                0x08008edc                        __exidx_end = .
                0x08008edc                        . = ALIGN (0x4)

.preinit_array  0x08008edc        0x0
                0x08008edc                        . = ALIGN (0x4)
                0x08008edc                        PROVIDE (__preinit_array_start = .)
 *(.preinit_array*)
                0x08008edc                        PROVIDE (__preinit_array_end = .)
                0x08008edc                        . = ALIGN (0x4)

.init_array     0x08008edc        0x4
                0x08008edc                        . = ALIGN (0x4)
                0x08008edc                        PROVIDE (__init_array_start = .)
 *(SORT_BY_NAME(.init_array.*))
 *(.init_array*)
 .init_array    0x08008edc        0x4 C:/STM32CubeIDE_1.14.0/STM32CubeIDE/plugins/com.st.stm32cube.ide.mcu.externaltools.gnu-tools-for-stm32.12.3.rel1.win32_1.0.200.202406191623/tools/bin/../lib/gcc/arm-none-eabi/12.3.1/thumb/v6-m/nofp/crtbegin.o
                0x08008ee0                        PROVIDE (__init_array_end = .)
                0x08008ee0                        . = ALIGN (0x4)

.fini_array     0x08008ee0        0x4
                0x08008ee0                        . = ALIGN (0x4)
                [!provide]                        PROVIDE (__fini_array_start = .)
 *(SORT_BY_NAME(.fini_array.*))
 *(.fini_array*)
 .fini_array    0x08008ee0        0x4 C:/STM32CubeIDE_1.14.0/STM32CubeIDE/plugins/com.st.stm32cube.ide.mcu.externaltools.gnu-tools-for-stm32.12.3.rel1.win32_1.0.200.202406191623/tools/bin/../lib/gcc/arm-none-eabi/12.3.1/thumb/v6-m/nofp/crtbegin.o
                [!provide]                        PROVIDE (__fini_array_end = .)
                0x08008ee4                        . = ALIGN (0x4)
                0x08008ee4                        _sidata = LOADADDR (.data)

.rel.dyn        0x08008ee4        0x0
 .rel.iplt      0x08008ee4        0x0 C:/STM32CubeIDE_1.14.0/STM32CubeIDE/plugins/com.st.stm32cube.ide.mcu.externaltools.gnu-tools-for-stm32.12.3.rel1.win32_1.0.200.202406191623/tools/bin/../lib/gcc/arm-none-eabi/12.3.1/thumb/v6-m/nofp/crtbegin.o

.data           0x20000000       0xcc load address 0x08008ee4
                0x20000000                        . = ALIGN (0x4)
                0x20000000                        _sdata = .
 *(.data)
 *(.data*)
 .data.holding_register_database
                0x20000000       0x62 ./Core/Src/main.o
                0x20000000                holding_register_database
 .data.modbus_header
                0x20000062        0x2 ./Core/Src/modbus.o
                0x20000062                modbus_header
 .data.SystemCoreClock
                0x20000064        0x4 ./Core/Src/system_stm32c0xx.o
                0x20000064                SystemCoreClock
 .data.uwTickPrio
                0x20000068        0x4 ./Drivers/STM32C0xx_HAL_Driver/Src/stm32c0xx_hal.o
                0x20000068                uwTickPrio
 .data.uwTickFreq
                0x2000006c        0x1 ./Drivers/STM32C0xx_HAL_Driver/Src/stm32c0xx_hal.o
                0x2000006c                uwTickFreq
 *fill*         0x2000006d        0x3 
 .data.__sglue  0x20000070        0xc C:/STM32CubeIDE_1.14.0/STM32CubeIDE/plugins/com.st.stm32cube.ide.mcu.externaltools.gnu-tools-for-stm32.12.3.rel1.win32_1.0.200.202406191623/tools/bin/../lib/gcc/arm-none-eabi/12.3.1/../../../../arm-none-eabi/lib/thumb/v6-m/nofp\libc_nano.a(libc_a-findfp.o)
                0x20000070                __sglue
 .data._impure_ptr
                0x2000007c        0x4 C:/STM32CubeIDE_1.14.0/STM32CubeIDE/plugins/com.st.stm32cube.ide.mcu.externaltools.gnu-tools-for-stm32.12.3.rel1.win32_1.0.200.202406191623/tools/bin/../lib/gcc/arm-none-eabi/12.3.1/../../../../arm-none-eabi/lib/thumb/v6-m/nofp\libc_nano.a(libc_a-impure.o)
                0x2000007c                _impure_ptr
 .data._impure_data
                0x20000080       0x4c C:/STM32CubeIDE_1.14.0/STM32CubeIDE/plugins/com.st.stm32cube.ide.mcu.externaltools.gnu-tools-for-stm32.12.3.rel1.win32_1.0.200.202406191623/tools/bin/../lib/gcc/arm-none-eabi/12.3.1/../../../../arm-none-eabi/lib/thumb/v6-m/nofp\libc_nano.a(libc_a-impure.o)
                0x20000080                _impure_data
 *(.RamFunc)
 *(.RamFunc*)
                0x200000cc                        . = ALIGN (0x4)
                0x200000cc                        _edata = .

.igot.plt       0x200000cc        0x0 load address 0x08008fb0
 .igot.plt      0x200000cc        0x0 C:/STM32CubeIDE_1.14.0/STM32CubeIDE/plugins/com.st.stm32cube.ide.mcu.externaltools.gnu-tools-for-stm32.12.3.rel1.win32_1.0.200.202406191623/tools/bin/../lib/gcc/arm-none-eabi/12.3.1/thumb/v6-m/nofp/crtbegin.o
                0x200000cc                        . = ALIGN (0x4)

.bss            0x200000cc      0x81c load address 0x08008fb0
                0x200000cc                        _sbss = .
                0x200000cc                        __bss_start__ = _sbss
 *(.bss)
 .bss           0x200000cc       0x1c C:/STM32CubeIDE_1.14.0/STM32CubeIDE/plugins/com.st.stm32cube.ide.mcu.externaltools.gnu-tools-for-stm32.12.3.rel1.win32_1.0.200.202406191623/tools/bin/../lib/gcc/arm-none-eabi/12.3.1/thumb/v6-m/nofp/crtbegin.o
 *(.bss*)
 .bss._bno055_i2c_port
                0x200000e8        0x4 ./Core/Src/main.o
                0x200000e8                _bno055_i2c_port
 .bss.hadc1     0x200000ec       0x64 ./Core/Src/main.o
                0x200000ec                hadc1
 .bss.hdma_adc1
                0x20000150       0x5c ./Core/Src/main.o
                0x20000150                hdma_adc1
 .bss.hi2c1     0x200001ac       0x54 ./Core/Src/main.o
                0x200001ac                hi2c1
 .bss.hdma_i2c1_rx
                0x20000200       0x5c ./Core/Src/main.o
                0x20000200                hdma_i2c1_rx
 .bss.hspi1     0x2000025c       0x64 ./Core/Src/main.o
                0x2000025c                hspi1
 .bss.htim1     0x200002c0       0x4c ./Core/Src/main.o
                0x200002c0                htim1
 .bss.htim14    0x2000030c       0x4c ./Core/Src/main.o
                0x2000030c                htim14
 .bss.huart1    0x20000358       0x94 ./Core/Src/main.o
                0x20000358                huart1
 .bss.hdma_usart1_rx
                0x200003ec       0x5c ./Core/Src/main.o
                0x200003ec                hdma_usart1_rx
 .bss.pid_constraints
                0x20000448       0x38 ./Core/Src/main.o
                0x20000448                pid_constraints
 .bss.pin_map   0x20000480        0x6 ./Core/Src/main.o
                0x20000480                pin_map
 *fill*         0x20000486        0x2 
 .bss.modbus_rx_buffer
                0x20000488      0x100 ./Core/Src/modbus.o
                0x20000488                modbus_rx_buffer
 .bss.modbus_tx_buffer
                0x20000588      0x100 ./Core/Src/modbus.o
                0x20000588                modbus_tx_buffer
 .bss.rx_chunk  0x20000688       0xfa ./Core/Src/modbus.o
                0x20000688                rx_chunk
 *fill*         0x20000782        0x2 
 .bss.time      0x20000784        0x4 ./Core/Src/modbus.o
                0x20000784                time
 .bss.chunk_time
                0x20000788        0x4 ./Core/Src/modbus.o
                0x20000788                chunk_time
 .bss.start_index
                0x2000078c        0x2 ./Core/Src/modbus.o
                0x2000078c                start_index
 .bss.chunk_start_i
                0x2000078e        0x2 ./Core/Src/modbus.o
                0x2000078e                chunk_start_i
 .bss.chunk_end_i
                0x20000790        0x2 ./Core/Src/modbus.o
                0x20000790                chunk_end_i
 .bss.rx_int    0x20000792        0x1 ./Core/Src/modbus.o
                0x20000792                rx_int
 .bss.tx_int    0x20000793        0x1 ./Core/Src/modbus.o
                0x20000793                tx_int
 .bss.__sbrk_heap_end
                0x20000794        0x4 ./Core/Src/sysmem.o
 .bss.uwTick    0x20000798        0x4 ./Drivers/STM32C0xx_HAL_Driver/Src/stm32c0xx_hal.o
                0x20000798                uwTick
 .bss.__sf      0x2000079c      0x138 C:/STM32CubeIDE_1.14.0/STM32CubeIDE/plugins/com.st.stm32cube.ide.mcu.externaltools.gnu-tools-for-stm32.12.3.rel1.win32_1.0.200.202406191623/tools/bin/../lib/gcc/arm-none-eabi/12.3.1/../../../../arm-none-eabi/lib/thumb/v6-m/nofp\libc_nano.a(libc_a-findfp.o)
                0x2000079c                __sf
 .bss.__stdio_exit_handler
                0x200008d4        0x4 C:/STM32CubeIDE_1.14.0/STM32CubeIDE/plugins/com.st.stm32cube.ide.mcu.externaltools.gnu-tools-for-stm32.12.3.rel1.win32_1.0.200.202406191623/tools/bin/../lib/gcc/arm-none-eabi/12.3.1/../../../../arm-none-eabi/lib/thumb/v6-m/nofp\libc_nano.a(libc_a-findfp.o)
                0x200008d4                __stdio_exit_handler
 .bss.errno     0x200008d8        0x4 C:/STM32CubeIDE_1.14.0/STM32CubeIDE/plugins/com.st.stm32cube.ide.mcu.externaltools.gnu-tools-for-stm32.12.3.rel1.win32_1.0.200.202406191623/tools/bin/../lib/gcc/arm-none-eabi/12.3.1/../../../../arm-none-eabi/lib/thumb/v6-m/nofp\libc_nano.a(libc_a-reent.o)
                0x200008d8                errno
 .bss.__lock___malloc_recursive_mutex
                0x200008dc        0x1 C:/STM32CubeIDE_1.14.0/STM32CubeIDE/plugins/com.st.stm32cube.ide.mcu.externaltools.gnu-tools-for-stm32.12.3.rel1.win32_1.0.200.202406191623/tools/bin/../lib/gcc/arm-none-eabi/12.3.1/../../../../arm-none-eabi/lib/thumb/v6-m/nofp\libc_nano.a(libc_a-lock.o)
                0x200008dc                __lock___malloc_recursive_mutex
 .bss.__lock___sfp_recursive_mutex
                0x200008dd        0x1 C:/STM32CubeIDE_1.14.0/STM32CubeIDE/plugins/com.st.stm32cube.ide.mcu.externaltools.gnu-tools-for-stm32.12.3.rel1.win32_1.0.200.202406191623/tools/bin/../lib/gcc/arm-none-eabi/12.3.1/../../../../arm-none-eabi/lib/thumb/v6-m/nofp\libc_nano.a(libc_a-lock.o)
                0x200008dd                __lock___sfp_recursive_mutex
 *fill*         0x200008de        0x2 
 .bss.__malloc_sbrk_start
                0x200008e0        0x4 C:/STM32CubeIDE_1.14.0/STM32CubeIDE/plugins/com.st.stm32cube.ide.mcu.externaltools.gnu-tools-for-stm32.12.3.rel1.win32_1.0.200.202406191623/tools/bin/../lib/gcc/arm-none-eabi/12.3.1/../../../../arm-none-eabi/lib/thumb/v6-m/nofp\libc_nano.a(libc_a-mallocr.o)
                0x200008e0                __malloc_sbrk_start
 .bss.__malloc_free_list
                0x200008e4        0x4 C:/STM32CubeIDE_1.14.0/STM32CubeIDE/plugins/com.st.stm32cube.ide.mcu.externaltools.gnu-tools-for-stm32.12.3.rel1.win32_1.0.200.202406191623/tools/bin/../lib/gcc/arm-none-eabi/12.3.1/../../../../arm-none-eabi/lib/thumb/v6-m/nofp\libc_nano.a(libc_a-mallocr.o)
                0x200008e4                __malloc_free_list
 *(COMMON)
                0x200008e8                        . = ALIGN (0x4)
                0x200008e8                        _ebss = .
                0x200008e8                        __bss_end__ = _ebss

._user_heap_stack
                0x200008e8      0x600 load address 0x08008fb0
                0x200008e8                        . = ALIGN (0x8)
                [!provide]                        PROVIDE (end = .)
                0x200008e8                        PROVIDE (_end = .)
                0x20000ae8                        . = (. + _Min_Heap_Size)
 *fill*         0x200008e8      0x200 
                0x20000ee8                        . = (. + _Min_Stack_Size)
 *fill*         0x20000ae8      0x400 
                0x20000ee8                        . = ALIGN (0x8)

/DISCARD/
 libc.a(*)
 libm.a(*)
 libgcc.a(*)

.ARM.attributes
                0x00000000       0x28
 *(.ARM.attributes)
 .ARM.attributes
                0x00000000       0x1e C:/STM32CubeIDE_1.14.0/STM32CubeIDE/plugins/com.st.stm32cube.ide.mcu.externaltools.gnu-tools-for-stm32.12.3.rel1.win32_1.0.200.202406191623/tools/bin/../lib/gcc/arm-none-eabi/12.3.1/thumb/v6-m/nofp/crti.o
 .ARM.attributes
                0x0000001e       0x2c C:/STM32CubeIDE_1.14.0/STM32CubeIDE/plugins/com.st.stm32cube.ide.mcu.externaltools.gnu-tools-for-stm32.12.3.rel1.win32_1.0.200.202406191623/tools/bin/../lib/gcc/arm-none-eabi/12.3.1/thumb/v6-m/nofp/crtbegin.o
 .ARM.attributes
                0x0000004a       0x2c ./Core/Src/bno055.o
 .ARM.attributes
                0x00000076       0x2c ./Core/Src/main.o
 .ARM.attributes
                0x000000a2       0x2c ./Core/Src/modbus.o
 .ARM.attributes
                0x000000ce       0x2c ./Core/Src/stm32c0xx_hal_msp.o
 .ARM.attributes
                0x000000fa       0x2c ./Core/Src/stm32c0xx_it.o
 .ARM.attributes
                0x00000126       0x2c ./Core/Src/syscalls.o
 .ARM.attributes
                0x00000152       0x2c ./Core/Src/sysmem.o
 .ARM.attributes
                0x0000017e       0x2c ./Core/Src/system_stm32c0xx.o
 .ARM.attributes
                0x000001aa       0x22 ./Core/Startup/startup_stm32c071cbtx.o
 .ARM.attributes
                0x000001cc       0x2c ./Drivers/STM32C0xx_HAL_Driver/Src/stm32c0xx_hal.o
 .ARM.attributes
                0x000001f8       0x2c ./Drivers/STM32C0xx_HAL_Driver/Src/stm32c0xx_hal_adc.o
 .ARM.attributes
                0x00000224       0x2c ./Drivers/STM32C0xx_HAL_Driver/Src/stm32c0xx_hal_cortex.o
 .ARM.attributes
                0x00000250       0x2c ./Drivers/STM32C0xx_HAL_Driver/Src/stm32c0xx_hal_dma.o
 .ARM.attributes
                0x0000027c       0x2c ./Drivers/STM32C0xx_HAL_Driver/Src/stm32c0xx_hal_gpio.o
 .ARM.attributes
                0x000002a8       0x2c ./Drivers/STM32C0xx_HAL_Driver/Src/stm32c0xx_hal_i2c.o
 .ARM.attributes
                0x000002d4       0x2c ./Drivers/STM32C0xx_HAL_Driver/Src/stm32c0xx_hal_i2c_ex.o
 .ARM.attributes
                0x00000300       0x2c ./Drivers/STM32C0xx_HAL_Driver/Src/stm32c0xx_hal_rcc.o
 .ARM.attributes
                0x0000032c       0x2c ./Drivers/STM32C0xx_HAL_Driver/Src/stm32c0xx_hal_rcc_ex.o
 .ARM.attributes
                0x00000358       0x2c ./Drivers/STM32C0xx_HAL_Driver/Src/stm32c0xx_hal_spi.o
 .ARM.attributes
                0x00000384       0x2c ./Drivers/STM32C0xx_HAL_Driver/Src/stm32c0xx_hal_tim.o
 .ARM.attributes
                0x000003b0       0x2c ./Drivers/STM32C0xx_HAL_Driver/Src/stm32c0xx_hal_tim_ex.o
 .ARM.attributes
                0x000003dc       0x2c ./Drivers/STM32C0xx_HAL_Driver/Src/stm32c0xx_hal_uart.o
 .ARM.attributes
                0x00000408       0x2c ./Drivers/STM32C0xx_HAL_Driver/Src/stm32c0xx_hal_uart_ex.o
 .ARM.attributes
                0x00000434       0x2c C:/STM32CubeIDE_1.14.0/STM32CubeIDE/plugins/com.st.stm32cube.ide.mcu.externaltools.gnu-tools-for-stm32.12.3.rel1.win32_1.0.200.202406191623/tools/bin/../lib/gcc/arm-none-eabi/12.3.1/../../../../arm-none-eabi/lib/thumb/v6-m/nofp\libc_nano.a(libc_a-findfp.o)
 .ARM.attributes
                0x00000460       0x2c C:/STM32CubeIDE_1.14.0/STM32CubeIDE/plugins/com.st.stm32cube.ide.mcu.externaltools.gnu-tools-for-stm32.12.3.rel1.win32_1.0.200.202406191623/tools/bin/../lib/gcc/arm-none-eabi/12.3.1/../../../../arm-none-eabi/lib/thumb/v6-m/nofp\libc_nano.a(libc_a-fwalk.o)
 .ARM.attributes
                0x0000048c       0x2c C:/STM32CubeIDE_1.14.0/STM32CubeIDE/plugins/com.st.stm32cube.ide.mcu.externaltools.gnu-tools-for-stm32.12.3.rel1.win32_1.0.200.202406191623/tools/bin/../lib/gcc/arm-none-eabi/12.3.1/../../../../arm-none-eabi/lib/thumb/v6-m/nofp\libc_nano.a(libc_a-printf.o)
 .ARM.attributes
                0x000004b8       0x2c C:/STM32CubeIDE_1.14.0/STM32CubeIDE/plugins/com.st.stm32cube.ide.mcu.externaltools.gnu-tools-for-stm32.12.3.rel1.win32_1.0.200.202406191623/tools/bin/../lib/gcc/arm-none-eabi/12.3.1/../../../../arm-none-eabi/lib/thumb/v6-m/nofp\libc_nano.a(libc_a-puts.o)
 .ARM.attributes
                0x000004e4       0x2c C:/STM32CubeIDE_1.14.0/STM32CubeIDE/plugins/com.st.stm32cube.ide.mcu.externaltools.gnu-tools-for-stm32.12.3.rel1.win32_1.0.200.202406191623/tools/bin/../lib/gcc/arm-none-eabi/12.3.1/../../../../arm-none-eabi/lib/thumb/v6-m/nofp\libc_nano.a(libc_a-stdio.o)
 .ARM.attributes
                0x00000510       0x2c C:/STM32CubeIDE_1.14.0/STM32CubeIDE/plugins/com.st.stm32cube.ide.mcu.externaltools.gnu-tools-for-stm32.12.3.rel1.win32_1.0.200.202406191623/tools/bin/../lib/gcc/arm-none-eabi/12.3.1/../../../../arm-none-eabi/lib/thumb/v6-m/nofp\libc_nano.a(libc_a-wbuf.o)
 .ARM.attributes
                0x0000053c       0x2c C:/STM32CubeIDE_1.14.0/STM32CubeIDE/plugins/com.st.stm32cube.ide.mcu.externaltools.gnu-tools-for-stm32.12.3.rel1.win32_1.0.200.202406191623/tools/bin/../lib/gcc/arm-none-eabi/12.3.1/../../../../arm-none-eabi/lib/thumb/v6-m/nofp\libc_nano.a(libc_a-wsetup.o)
 .ARM.attributes
                0x00000568       0x2c C:/STM32CubeIDE_1.14.0/STM32CubeIDE/plugins/com.st.stm32cube.ide.mcu.externaltools.gnu-tools-for-stm32.12.3.rel1.win32_1.0.200.202406191623/tools/bin/../lib/gcc/arm-none-eabi/12.3.1/../../../../arm-none-eabi/lib/thumb/v6-m/nofp\libc_nano.a(libc_a-memset.o)
 .ARM.attributes
                0x00000594       0x2c C:/STM32CubeIDE_1.14.0/STM32CubeIDE/plugins/com.st.stm32cube.ide.mcu.externaltools.gnu-tools-for-stm32.12.3.rel1.win32_1.0.200.202406191623/tools/bin/../lib/gcc/arm-none-eabi/12.3.1/../../../../arm-none-eabi/lib/thumb/v6-m/nofp\libc_nano.a(libc_a-closer.o)
 .ARM.attributes
                0x000005c0       0x2c C:/STM32CubeIDE_1.14.0/STM32CubeIDE/plugins/com.st.stm32cube.ide.mcu.externaltools.gnu-tools-for-stm32.12.3.rel1.win32_1.0.200.202406191623/tools/bin/../lib/gcc/arm-none-eabi/12.3.1/../../../../arm-none-eabi/lib/thumb/v6-m/nofp\libc_nano.a(libc_a-reent.o)
 .ARM.attributes
                0x000005ec       0x2c C:/STM32CubeIDE_1.14.0/STM32CubeIDE/plugins/com.st.stm32cube.ide.mcu.externaltools.gnu-tools-for-stm32.12.3.rel1.win32_1.0.200.202406191623/tools/bin/../lib/gcc/arm-none-eabi/12.3.1/../../../../arm-none-eabi/lib/thumb/v6-m/nofp\libc_nano.a(libc_a-impure.o)
 .ARM.attributes
                0x00000618       0x2c C:/STM32CubeIDE_1.14.0/STM32CubeIDE/plugins/com.st.stm32cube.ide.mcu.externaltools.gnu-tools-for-stm32.12.3.rel1.win32_1.0.200.202406191623/tools/bin/../lib/gcc/arm-none-eabi/12.3.1/../../../../arm-none-eabi/lib/thumb/v6-m/nofp\libc_nano.a(libc_a-lseekr.o)
 .ARM.attributes
                0x00000644       0x2c C:/STM32CubeIDE_1.14.0/STM32CubeIDE/plugins/com.st.stm32cube.ide.mcu.externaltools.gnu-tools-for-stm32.12.3.rel1.win32_1.0.200.202406191623/tools/bin/../lib/gcc/arm-none-eabi/12.3.1/../../../../arm-none-eabi/lib/thumb/v6-m/nofp\libc_nano.a(libc_a-readr.o)
 .ARM.attributes
                0x00000670       0x2c C:/STM32CubeIDE_1.14.0/STM32CubeIDE/plugins/com.st.stm32cube.ide.mcu.externaltools.gnu-tools-for-stm32.12.3.rel1.win32_1.0.200.202406191623/tools/bin/../lib/gcc/arm-none-eabi/12.3.1/../../../../arm-none-eabi/lib/thumb/v6-m/nofp\libc_nano.a(libc_a-writer.o)
 .ARM.attributes
                0x0000069c       0x2c C:/STM32CubeIDE_1.14.0/STM32CubeIDE/plugins/com.st.stm32cube.ide.mcu.externaltools.gnu-tools-for-stm32.12.3.rel1.win32_1.0.200.202406191623/tools/bin/../lib/gcc/arm-none-eabi/12.3.1/../../../../arm-none-eabi/lib/thumb/v6-m/nofp\libc_nano.a(libc_a-errno.o)
 .ARM.attributes
                0x000006c8       0x2c C:/STM32CubeIDE_1.14.0/STM32CubeIDE/plugins/com.st.stm32cube.ide.mcu.externaltools.gnu-tools-for-stm32.12.3.rel1.win32_1.0.200.202406191623/tools/bin/../lib/gcc/arm-none-eabi/12.3.1/../../../../arm-none-eabi/lib/thumb/v6-m/nofp\libc_nano.a(libc_a-init.o)
 .ARM.attributes
                0x000006f4       0x2c C:/STM32CubeIDE_1.14.0/STM32CubeIDE/plugins/com.st.stm32cube.ide.mcu.externaltools.gnu-tools-for-stm32.12.3.rel1.win32_1.0.200.202406191623/tools/bin/../lib/gcc/arm-none-eabi/12.3.1/../../../../arm-none-eabi/lib/thumb/v6-m/nofp\libc_nano.a(libc_a-lock.o)
 .ARM.attributes
                0x00000720       0x2c C:/STM32CubeIDE_1.14.0/STM32CubeIDE/plugins/com.st.stm32cube.ide.mcu.externaltools.gnu-tools-for-stm32.12.3.rel1.win32_1.0.200.202406191623/tools/bin/../lib/gcc/arm-none-eabi/12.3.1/../../../../arm-none-eabi/lib/thumb/v6-m/nofp\libc_nano.a(libc_a-memcpy-stub.o)
 .ARM.attributes
                0x0000074c       0x2c C:/STM32CubeIDE_1.14.0/STM32CubeIDE/plugins/com.st.stm32cube.ide.mcu.externaltools.gnu-tools-for-stm32.12.3.rel1.win32_1.0.200.202406191623/tools/bin/../lib/gcc/arm-none-eabi/12.3.1/../../../../arm-none-eabi/lib/thumb/v6-m/nofp\libc_nano.a(libc_a-freer.o)
 .ARM.attributes
                0x00000778       0x2c C:/STM32CubeIDE_1.14.0/STM32CubeIDE/plugins/com.st.stm32cube.ide.mcu.externaltools.gnu-tools-for-stm32.12.3.rel1.win32_1.0.200.202406191623/tools/bin/../lib/gcc/arm-none-eabi/12.3.1/../../../../arm-none-eabi/lib/thumb/v6-m/nofp\libc_nano.a(libc_a-mallocr.o)
 .ARM.attributes
                0x000007a4       0x2c C:/STM32CubeIDE_1.14.0/STM32CubeIDE/plugins/com.st.stm32cube.ide.mcu.externaltools.gnu-tools-for-stm32.12.3.rel1.win32_1.0.200.202406191623/tools/bin/../lib/gcc/arm-none-eabi/12.3.1/../../../../arm-none-eabi/lib/thumb/v6-m/nofp\libc_nano.a(libc_a-mlock.o)
 .ARM.attributes
                0x000007d0       0x2c C:/STM32CubeIDE_1.14.0/STM32CubeIDE/plugins/com.st.stm32cube.ide.mcu.externaltools.gnu-tools-for-stm32.12.3.rel1.win32_1.0.200.202406191623/tools/bin/../lib/gcc/arm-none-eabi/12.3.1/../../../../arm-none-eabi/lib/thumb/v6-m/nofp\libc_nano.a(libc_a-nano-vfprintf.o)
 .ARM.attributes
                0x000007fc       0x2c C:/STM32CubeIDE_1.14.0/STM32CubeIDE/plugins/com.st.stm32cube.ide.mcu.externaltools.gnu-tools-for-stm32.12.3.rel1.win32_1.0.200.202406191623/tools/bin/../lib/gcc/arm-none-eabi/12.3.1/../../../../arm-none-eabi/lib/thumb/v6-m/nofp\libc_nano.a(libc_a-nano-vfprintf_i.o)
 .ARM.attributes
                0x00000828       0x2c C:/STM32CubeIDE_1.14.0/STM32CubeIDE/plugins/com.st.stm32cube.ide.mcu.externaltools.gnu-tools-for-stm32.12.3.rel1.win32_1.0.200.202406191623/tools/bin/../lib/gcc/arm-none-eabi/12.3.1/../../../../arm-none-eabi/lib/thumb/v6-m/nofp\libc_nano.a(libc_a-fflush.o)
 .ARM.attributes
                0x00000854       0x2c C:/STM32CubeIDE_1.14.0/STM32CubeIDE/plugins/com.st.stm32cube.ide.mcu.externaltools.gnu-tools-for-stm32.12.3.rel1.win32_1.0.200.202406191623/tools/bin/../lib/gcc/arm-none-eabi/12.3.1/../../../../arm-none-eabi/lib/thumb/v6-m/nofp\libc_nano.a(libc_a-makebuf.o)
 .ARM.attributes
                0x00000880       0x2c C:/STM32CubeIDE_1.14.0/STM32CubeIDE/plugins/com.st.stm32cube.ide.mcu.externaltools.gnu-tools-for-stm32.12.3.rel1.win32_1.0.200.202406191623/tools/bin/../lib/gcc/arm-none-eabi/12.3.1/../../../../arm-none-eabi/lib/thumb/v6-m/nofp\libc_nano.a(libc_a-fstatr.o)
 .ARM.attributes
                0x000008ac       0x2c C:/STM32CubeIDE_1.14.0/STM32CubeIDE/plugins/com.st.stm32cube.ide.mcu.externaltools.gnu-tools-for-stm32.12.3.rel1.win32_1.0.200.202406191623/tools/bin/../lib/gcc/arm-none-eabi/12.3.1/../../../../arm-none-eabi/lib/thumb/v6-m/nofp\libc_nano.a(libc_a-isattyr.o)
 .ARM.attributes
                0x000008d8       0x2c C:/STM32CubeIDE_1.14.0/STM32CubeIDE/plugins/com.st.stm32cube.ide.mcu.externaltools.gnu-tools-for-stm32.12.3.rel1.win32_1.0.200.202406191623/tools/bin/../lib/gcc/arm-none-eabi/12.3.1/../../../../arm-none-eabi/lib/thumb/v6-m/nofp\libc_nano.a(libc_a-sbrkr.o)
 .ARM.attributes
                0x00000904       0x2c C:/STM32CubeIDE_1.14.0/STM32CubeIDE/plugins/com.st.stm32cube.ide.mcu.externaltools.gnu-tools-for-stm32.12.3.rel1.win32_1.0.200.202406191623/tools/bin/../lib/gcc/arm-none-eabi/12.3.1/../../../../arm-none-eabi/lib/thumb/v6-m/nofp\libc_nano.a(libc_a-memchr-stub.o)
 .ARM.attributes
                0x00000930       0x1e C:/STM32CubeIDE_1.14.0/STM32CubeIDE/plugins/com.st.stm32cube.ide.mcu.externaltools.gnu-tools-for-stm32.12.3.rel1.win32_1.0.200.202406191623/tools/bin/../lib/gcc/arm-none-eabi/12.3.1/thumb/v6-m/nofp\libgcc.a(_thumb1_case_shi.o)
 .ARM.attributes
                0x0000094e       0x1e C:/STM32CubeIDE_1.14.0/STM32CubeIDE/plugins/com.st.stm32cube.ide.mcu.externaltools.gnu-tools-for-stm32.12.3.rel1.win32_1.0.200.202406191623/tools/bin/../lib/gcc/arm-none-eabi/12.3.1/thumb/v6-m/nofp\libgcc.a(_udivsi3.o)
 .ARM.attributes
                0x0000096c       0x1e C:/STM32CubeIDE_1.14.0/STM32CubeIDE/plugins/com.st.stm32cube.ide.mcu.externaltools.gnu-tools-for-stm32.12.3.rel1.win32_1.0.200.202406191623/tools/bin/../lib/gcc/arm-none-eabi/12.3.1/thumb/v6-m/nofp\libgcc.a(_divsi3.o)
 .ARM.attributes
                0x0000098a       0x1e C:/STM32CubeIDE_1.14.0/STM32CubeIDE/plugins/com.st.stm32cube.ide.mcu.externaltools.gnu-tools-for-stm32.12.3.rel1.win32_1.0.200.202406191623/tools/bin/../lib/gcc/arm-none-eabi/12.3.1/thumb/v6-m/nofp\libgcc.a(_dvmd_tls.o)
 .ARM.attributes
                0x000009a8       0x1e C:/STM32CubeIDE_1.14.0/STM32CubeIDE/plugins/com.st.stm32cube.ide.mcu.externaltools.gnu-tools-for-stm32.12.3.rel1.win32_1.0.200.202406191623/tools/bin/../lib/gcc/arm-none-eabi/12.3.1/thumb/v6-m/nofp/crtn.o
OUTPUT(BelowGroundBoard.elf elf32-littlearm)
LOAD linker stubs
LOAD C:/STM32CubeIDE_1.14.0/STM32CubeIDE/plugins/com.st.stm32cube.ide.mcu.externaltools.gnu-tools-for-stm32.12.3.rel1.win32_1.0.200.202406191623/tools/bin/../lib/gcc/arm-none-eabi/12.3.1/../../../../arm-none-eabi/lib/thumb/v6-m/nofp\libc.a
LOAD C:/STM32CubeIDE_1.14.0/STM32CubeIDE/plugins/com.st.stm32cube.ide.mcu.externaltools.gnu-tools-for-stm32.12.3.rel1.win32_1.0.200.202406191623/tools/bin/../lib/gcc/arm-none-eabi/12.3.1/../../../../arm-none-eabi/lib/thumb/v6-m/nofp\libm.a
LOAD C:/STM32CubeIDE_1.14.0/STM32CubeIDE/plugins/com.st.stm32cube.ide.mcu.externaltools.gnu-tools-for-stm32.12.3.rel1.win32_1.0.200.202406191623/tools/bin/../lib/gcc/arm-none-eabi/12.3.1/thumb/v6-m/nofp\libgcc.a

.debug_info     0x00000000    0x18ee3
 .debug_info    0x00000000      0x90e ./Core/Src/bno055.o
 .debug_info    0x0000090e     0x232c ./Core/Src/main.o
 .debug_info    0x00002c3a     0x1042 ./Core/Src/modbus.o
 .debug_info    0x00003c7c     0x1c67 ./Core/Src/stm32c0xx_hal_msp.o
 .debug_info    0x000058e3      0x812 ./Core/Src/stm32c0xx_it.o
 .debug_info    0x000060f5      0x6a3 ./Core/Src/syscalls.o
 .debug_info    0x00006798      0x168 ./Core/Src/sysmem.o
 .debug_info    0x00006900      0x381 ./Core/Src/system_stm32c0xx.o
 .debug_info    0x00006c81       0x30 ./Core/Startup/startup_stm32c071cbtx.o
 .debug_info    0x00006cb1      0x85e ./Drivers/STM32C0xx_HAL_Driver/Src/stm32c0xx_hal.o
 .debug_info    0x0000750f     0x153b ./Drivers/STM32C0xx_HAL_Driver/Src/stm32c0xx_hal_adc.o
 .debug_info    0x00008a4a      0x894 ./Drivers/STM32C0xx_HAL_Driver/Src/stm32c0xx_hal_cortex.o
 .debug_info    0x000092de      0x826 ./Drivers/STM32C0xx_HAL_Driver/Src/stm32c0xx_hal_dma.o
 .debug_info    0x00009b04      0x612 ./Drivers/STM32C0xx_HAL_Driver/Src/stm32c0xx_hal_gpio.o
 .debug_info    0x0000a116     0x219f ./Drivers/STM32C0xx_HAL_Driver/Src/stm32c0xx_hal_i2c.o
 .debug_info    0x0000c2b5      0x9d9 ./Drivers/STM32C0xx_HAL_Driver/Src/stm32c0xx_hal_i2c_ex.o
 .debug_info    0x0000cc8e      0x923 ./Drivers/STM32C0xx_HAL_Driver/Src/stm32c0xx_hal_rcc.o
 .debug_info    0x0000d5b1      0x7c1 ./Drivers/STM32C0xx_HAL_Driver/Src/stm32c0xx_hal_rcc_ex.o
 .debug_info    0x0000dd72     0x1632 ./Drivers/STM32C0xx_HAL_Driver/Src/stm32c0xx_hal_spi.o
 .debug_info    0x0000f3a4     0x2b65 ./Drivers/STM32C0xx_HAL_Driver/Src/stm32c0xx_hal_tim.o
 .debug_info    0x00011f09     0x1878 ./Drivers/STM32C0xx_HAL_Driver/Src/stm32c0xx_hal_tim_ex.o
 .debug_info    0x00013781     0x47f5 ./Drivers/STM32C0xx_HAL_Driver/Src/stm32c0xx_hal_uart.o
 .debug_info    0x00017f76      0xf6d ./Drivers/STM32C0xx_HAL_Driver/Src/stm32c0xx_hal_uart_ex.o

.debug_abbrev   0x00000000     0x3364
 .debug_abbrev  0x00000000      0x2b3 ./Core/Src/bno055.o
 .debug_abbrev  0x000002b3      0x34b ./Core/Src/main.o
 .debug_abbrev  0x000005fe      0x368 ./Core/Src/modbus.o
 .debug_abbrev  0x00000966      0x287 ./Core/Src/stm32c0xx_hal_msp.o
 .debug_abbrev  0x00000bed      0x184 ./Core/Src/stm32c0xx_it.o
 .debug_abbrev  0x00000d71      0x1b6 ./Core/Src/syscalls.o
 .debug_abbrev  0x00000f27       0xbc ./Core/Src/sysmem.o
 .debug_abbrev  0x00000fe3      0x119 ./Core/Src/system_stm32c0xx.o
 .debug_abbrev  0x000010fc       0x24 ./Core/Startup/startup_stm32c071cbtx.o
 .debug_abbrev  0x00001120      0x2cb ./Drivers/STM32C0xx_HAL_Driver/Src/stm32c0xx_hal.o
 .debug_abbrev  0x000013eb      0x26d ./Drivers/STM32C0xx_HAL_Driver/Src/stm32c0xx_hal_adc.o
 .debug_abbrev  0x00001658      0x2b7 ./Drivers/STM32C0xx_HAL_Driver/Src/stm32c0xx_hal_cortex.o
 .debug_abbrev  0x0000190f      0x1d5 ./Drivers/STM32C0xx_HAL_Driver/Src/stm32c0xx_hal_dma.o
 .debug_abbrev  0x00001ae4      0x1d6 ./Drivers/STM32C0xx_HAL_Driver/Src/stm32c0xx_hal_gpio.o
 .debug_abbrev  0x00001cba      0x26e ./Drivers/STM32C0xx_HAL_Driver/Src/stm32c0xx_hal_i2c.o
 .debug_abbrev  0x00001f28      0x1e3 ./Drivers/STM32C0xx_HAL_Driver/Src/stm32c0xx_hal_i2c_ex.o
 .debug_abbrev  0x0000210b      0x28c ./Drivers/STM32C0xx_HAL_Driver/Src/stm32c0xx_hal_rcc.o
 .debug_abbrev  0x00002397      0x245 ./Drivers/STM32C0xx_HAL_Driver/Src/stm32c0xx_hal_rcc_ex.o
 .debug_abbrev  0x000025dc      0x25b ./Drivers/STM32C0xx_HAL_Driver/Src/stm32c0xx_hal_spi.o
 .debug_abbrev  0x00002837      0x28a ./Drivers/STM32C0xx_HAL_Driver/Src/stm32c0xx_hal_tim.o
 .debug_abbrev  0x00002ac1      0x2aa ./Drivers/STM32C0xx_HAL_Driver/Src/stm32c0xx_hal_tim_ex.o
 .debug_abbrev  0x00002d6b      0x314 ./Drivers/STM32C0xx_HAL_Driver/Src/stm32c0xx_hal_uart.o
 .debug_abbrev  0x0000307f      0x2e5 ./Drivers/STM32C0xx_HAL_Driver/Src/stm32c0xx_hal_uart_ex.o

.debug_aranges  0x00000000     0x17b0
 .debug_aranges
                0x00000000      0x100 ./Core/Src/bno055.o
 .debug_aranges
                0x00000100       0xa0 ./Core/Src/main.o
 .debug_aranges
                0x000001a0       0xe0 ./Core/Src/modbus.o
 .debug_aranges
                0x00000280       0x88 ./Core/Src/stm32c0xx_hal_msp.o
 .debug_aranges
                0x00000308       0x60 ./Core/Src/stm32c0xx_it.o
 .debug_aranges
                0x00000368       0xa8 ./Core/Src/syscalls.o
 .debug_aranges
                0x00000410       0x20 ./Core/Src/sysmem.o
 .debug_aranges
                0x00000430       0x28 ./Core/Src/system_stm32c0xx.o
 .debug_aranges
                0x00000458       0x28 ./Core/Startup/startup_stm32c071cbtx.o
 .debug_aranges
                0x00000480      0x100 ./Drivers/STM32C0xx_HAL_Driver/Src/stm32c0xx_hal.o
 .debug_aranges
                0x00000580      0x200 ./Drivers/STM32C0xx_HAL_Driver/Src/stm32c0xx_hal_adc.o
 .debug_aranges
                0x00000780       0xe8 ./Drivers/STM32C0xx_HAL_Driver/Src/stm32c0xx_hal_cortex.o
 .debug_aranges
                0x00000868       0x90 ./Drivers/STM32C0xx_HAL_Driver/Src/stm32c0xx_hal_dma.o
 .debug_aranges
                0x000008f8       0x68 ./Drivers/STM32C0xx_HAL_Driver/Src/stm32c0xx_hal_gpio.o
 .debug_aranges
                0x00000960      0x2a0 ./Drivers/STM32C0xx_HAL_Driver/Src/stm32c0xx_hal_i2c.o
 .debug_aranges
                0x00000c00       0x48 ./Drivers/STM32C0xx_HAL_Driver/Src/stm32c0xx_hal_i2c_ex.o
 .debug_aranges
                0x00000c48       0xa0 ./Drivers/STM32C0xx_HAL_Driver/Src/stm32c0xx_hal_rcc.o
 .debug_aranges
                0x00000ce8       0x88 ./Drivers/STM32C0xx_HAL_Driver/Src/stm32c0xx_hal_rcc_ex.o
 .debug_aranges
                0x00000d70      0x1d8 ./Drivers/STM32C0xx_HAL_Driver/Src/stm32c0xx_hal_spi.o
 .debug_aranges
                0x00000f48      0x3e0 ./Drivers/STM32C0xx_HAL_Driver/Src/stm32c0xx_hal_tim.o
 .debug_aranges
                0x00001328      0x198 ./Drivers/STM32C0xx_HAL_Driver/Src/stm32c0xx_hal_tim_ex.o
 .debug_aranges
                0x000014c0      0x248 ./Drivers/STM32C0xx_HAL_Driver/Src/stm32c0xx_hal_uart.o
 .debug_aranges
                0x00001708       0xa8 ./Drivers/STM32C0xx_HAL_Driver/Src/stm32c0xx_hal_uart_ex.o

.debug_rnglists
                0x00000000     0x12a9
 .debug_rnglists
                0x00000000       0xc1 ./Core/Src/bno055.o
 .debug_rnglists
                0x000000c1       0x7a ./Core/Src/main.o
 .debug_rnglists
                0x0000013b       0xaf ./Core/Src/modbus.o
 .debug_rnglists
                0x000001ea       0x65 ./Core/Src/stm32c0xx_hal_msp.o
 .debug_rnglists
                0x0000024f       0x43 ./Core/Src/stm32c0xx_it.o
 .debug_rnglists
                0x00000292       0x79 ./Core/Src/syscalls.o
 .debug_rnglists
                0x0000030b       0x13 ./Core/Src/sysmem.o
 .debug_rnglists
                0x0000031e       0x1a ./Core/Src/system_stm32c0xx.o
 .debug_rnglists
                0x00000338       0x19 ./Core/Startup/startup_stm32c071cbtx.o
 .debug_rnglists
                0x00000351       0xbc ./Drivers/STM32C0xx_HAL_Driver/Src/stm32c0xx_hal.o
 .debug_rnglists
                0x0000040d      0x18a ./Drivers/STM32C0xx_HAL_Driver/Src/stm32c0xx_hal_adc.o
 .debug_rnglists
                0x00000597       0xaa ./Drivers/STM32C0xx_HAL_Driver/Src/stm32c0xx_hal_cortex.o
 .debug_rnglists
                0x00000641       0x72 ./Drivers/STM32C0xx_HAL_Driver/Src/stm32c0xx_hal_dma.o
 .debug_rnglists
                0x000006b3       0x4b ./Drivers/STM32C0xx_HAL_Driver/Src/stm32c0xx_hal_gpio.o
 .debug_rnglists
                0x000006fe      0x229 ./Drivers/STM32C0xx_HAL_Driver/Src/stm32c0xx_hal_i2c.o
 .debug_rnglists
                0x00000927       0x35 ./Drivers/STM32C0xx_HAL_Driver/Src/stm32c0xx_hal_i2c_ex.o
 .debug_rnglists
                0x0000095c       0x79 ./Drivers/STM32C0xx_HAL_Driver/Src/stm32c0xx_hal_rcc.o
 .debug_rnglists
                0x000009d5       0x67 ./Drivers/STM32C0xx_HAL_Driver/Src/stm32c0xx_hal_rcc_ex.o
 .debug_rnglists
                0x00000a3c      0x17a ./Drivers/STM32C0xx_HAL_Driver/Src/stm32c0xx_hal_spi.o
 .debug_rnglists
                0x00000bb6      0x32a ./Drivers/STM32C0xx_HAL_Driver/Src/stm32c0xx_hal_tim.o
 .debug_rnglists
                0x00000ee0      0x14e ./Drivers/STM32C0xx_HAL_Driver/Src/stm32c0xx_hal_tim_ex.o
 .debug_rnglists
                0x0000102e      0x1fb ./Drivers/STM32C0xx_HAL_Driver/Src/stm32c0xx_hal_uart.o
 .debug_rnglists
                0x00001229       0x80 ./Drivers/STM32C0xx_HAL_Driver/Src/stm32c0xx_hal_uart_ex.o

.debug_macro    0x00000000    0x19965
 .debug_macro   0x00000000      0x355 ./Core/Src/bno055.o
 .debug_macro   0x00000355      0xa8a ./Core/Src/bno055.o
 .debug_macro   0x00000ddf       0x2e ./Core/Src/bno055.o
 .debug_macro   0x00000e0d       0x28 ./Core/Src/bno055.o
 .debug_macro   0x00000e35       0x22 ./Core/Src/bno055.o
 .debug_macro   0x00000e57       0x8e ./Core/Src/bno055.o
 .debug_macro   0x00000ee5       0x51 ./Core/Src/bno055.o
 .debug_macro   0x00000f36      0x103 ./Core/Src/bno055.o
 .debug_macro   0x00001039       0x6a ./Core/Src/bno055.o
 .debug_macro   0x000010a3      0x1df ./Core/Src/bno055.o
 .debug_macro   0x00001282       0x1c ./Core/Src/bno055.o
 .debug_macro   0x0000129e       0x22 ./Core/Src/bno055.o
 .debug_macro   0x000012c0       0xd1 ./Core/Src/bno055.o
 .debug_macro   0x00001391      0x4da ./Core/Src/bno055.o
 .debug_macro   0x0000186b      0x11f ./Core/Src/bno055.o
 .debug_macro   0x0000198a     0xa7da ./Core/Src/bno055.o
 .debug_macro   0x0000c164       0x6c ./Core/Src/bno055.o
 .debug_macro   0x0000c1d0      0x190 ./Core/Src/bno055.o
 .debug_macro   0x0000c360       0xfb ./Core/Src/bno055.o
 .debug_macro   0x0000c45b     0x3440 ./Core/Src/bno055.o
 .debug_macro   0x0000f89b      0x189 ./Core/Src/bno055.o
 .debug_macro   0x0000fa24       0x5b ./Core/Src/bno055.o
 .debug_macro   0x0000fa7f      0x422 ./Core/Src/bno055.o
 .debug_macro   0x0000fea1      0xd59 ./Core/Src/bno055.o
 .debug_macro   0x00010bfa      0x30c ./Core/Src/bno055.o
 .debug_macro   0x00010f06      0x15f ./Core/Src/bno055.o
 .debug_macro   0x00011065      0x201 ./Core/Src/bno055.o
 .debug_macro   0x00011266      0x2e2 ./Core/Src/bno055.o
 .debug_macro   0x00011548      0x18b ./Core/Src/bno055.o
 .debug_macro   0x000116d3       0x43 ./Core/Src/bno055.o
 .debug_macro   0x00011716      0x1f1 ./Core/Src/bno055.o
 .debug_macro   0x00011907      0x924 ./Core/Src/bno055.o
 .debug_macro   0x0001222b      0x5de ./Core/Src/bno055.o
 .debug_macro   0x00012809       0x2e ./Core/Src/bno055.o
 .debug_macro   0x00012837      0x1cf ./Core/Src/bno055.o
 .debug_macro   0x00012a06      0x37c ./Core/Src/bno055.o
 .debug_macro   0x00012d82       0x28 ./Core/Src/bno055.o
 .debug_macro   0x00012daa       0xb3 ./Core/Src/bno055.o
 .debug_macro   0x00012e5d      0x22c ./Core/Src/bno055.o
 .debug_macro   0x00013089       0x67 ./Core/Src/bno055.o
 .debug_macro   0x000130f0       0xa5 ./Core/Src/bno055.o
 .debug_macro   0x00013195      0x124 ./Core/Src/bno055.o
 .debug_macro   0x000132b9      0x1b0 ./Core/Src/bno055.o
 .debug_macro   0x00013469      0x2fe ./Core/Src/bno055.o
 .debug_macro   0x00013767      0xab4 ./Core/Src/bno055.o
 .debug_macro   0x0001421b       0xf1 ./Core/Src/bno055.o
 .debug_macro   0x0001430c      0x67e ./Core/Src/bno055.o
 .debug_macro   0x0001498a       0xa6 ./Core/Src/bno055.o
 .debug_macro   0x00014a30      0x409 ./Core/Src/bno055.o
 .debug_macro   0x00014e39       0xd0 ./Core/Src/bno055.o
 .debug_macro   0x00014f09       0x22 ./Core/Src/bno055.o
 .debug_macro   0x00014f2b       0x61 ./Core/Src/bno055.o
 .debug_macro   0x00014f8c       0x24 ./Core/Src/bno055.o
 .debug_macro   0x00014fb0       0x43 ./Core/Src/bno055.o
 .debug_macro   0x00014ff3       0x34 ./Core/Src/bno055.o
 .debug_macro   0x00015027       0x16 ./Core/Src/bno055.o
 .debug_macro   0x0001503d       0x35 ./Core/Src/bno055.o
 .debug_macro   0x00015072      0x369 ./Core/Src/bno055.o
 .debug_macro   0x000153db       0x10 ./Core/Src/bno055.o
 .debug_macro   0x000153eb       0x16 ./Core/Src/bno055.o
 .debug_macro   0x00015401       0x43 ./Core/Src/bno055.o
 .debug_macro   0x00015444       0x34 ./Core/Src/bno055.o
 .debug_macro   0x00015478       0x10 ./Core/Src/bno055.o
 .debug_macro   0x00015488       0x58 ./Core/Src/bno055.o
 .debug_macro   0x000154e0       0x8e ./Core/Src/bno055.o
 .debug_macro   0x0001556e       0x1c ./Core/Src/bno055.o
 .debug_macro   0x0001558a      0x177 ./Core/Src/bno055.o
 .debug_macro   0x00015701       0x16 ./Core/Src/bno055.o
 .debug_macro   0x00015717       0x16 ./Core/Src/bno055.o
 .debug_macro   0x0001572d      0x146 ./Core/Src/bno055.o
 .debug_macro   0x00015873      0x341 ./Core/Src/bno055.o
 .debug_macro   0x00015bb4       0x16 ./Core/Src/bno055.o
 .debug_macro   0x00015bca       0x20 ./Core/Src/bno055.o
 .debug_macro   0x00015bea      0x34f ./Core/Src/main.o
 .debug_macro   0x00015f39       0x16 ./Core/Src/main.o
 .debug_macro   0x00015f4f       0x5e ./Core/Src/main.o
 .debug_macro   0x00015fad      0x339 ./Core/Src/modbus.o
 .debug_macro   0x000162e6       0x10 ./Core/Src/modbus.o
 .debug_macro   0x000162f6      0x235 ./Core/Src/stm32c0xx_hal_msp.o
 .debug_macro   0x0001652b      0x23f ./Core/Src/stm32c0xx_it.o
 .debug_macro   0x0001676a      0x274 ./Core/Src/syscalls.o
 .debug_macro   0x000169de       0x5b ./Core/Src/syscalls.o
 .debug_macro   0x00016a39       0x94 ./Core/Src/syscalls.o
 .debug_macro   0x00016acd       0x57 ./Core/Src/syscalls.o
 .debug_macro   0x00016b24       0x10 ./Core/Src/syscalls.o
 .debug_macro   0x00016b34       0x10 ./Core/Src/syscalls.o
 .debug_macro   0x00016b44       0x10 ./Core/Src/syscalls.o
 .debug_macro   0x00016b54       0x10 ./Core/Src/syscalls.o
 .debug_macro   0x00016b64       0x1c ./Core/Src/syscalls.o
 .debug_macro   0x00016b80       0x52 ./Core/Src/syscalls.o
 .debug_macro   0x00016bd2       0x22 ./Core/Src/syscalls.o