../Core/Src/bno055.c:59:6:HAL_I2C_MemTxCpltCallback	16	static
../Core/Src/bno055.c:64:6:HAL_I2C_MemRxCpltCallback	16	static
../Core/Src/bno055.c:69:6:HAL_I2C_MasterTxCpltCallback	16	static
../Core/Src/bno055.c:74:6:HAL_I2C_MasterRxCpltCallback	16	static
../Core/Src/bno055.c:79:6:HAL_I2C_ErrorCallback	16	static
../Core/Src/bno055.c:88:6:bno055_delay	16	static
../Core/Src/bno055.c:97:8:bno055_init	24	static
../Core/Src/bno055.c:118:8:bno055_setPage	16	static
../Core/Src/bno055.c:126:8:bno055_getOperationMode	16	static
../Core/Src/bno055.c:131:8:bno055_setOperationMode	32	static
../Core/Src/bno055.c:154:8:bno055_setOperationModeConfig	8	static
../Core/Src/bno055.c:159:8:bno055_setOperationModeNDOF	8	static
../Core/Src/bno055.c:164:8:bno055_setExternalCrystalUse	32	static
../Core/Src/bno055.c:190:8:bno055_enableExternalCrystal	8	static
../Core/Src/bno055.c:191:8:bno055_disableExternalCrystal	8	static
../Core/Src/bno055.c:193:8:bno055_poll_transaction	24	static
../Core/Src/bno055.c:205:8:bno055_reset	24	static
../Core/Src/bno055.c:220:8:bno055_getTemp	32	static
../Core/Src/bno055.c:232:8:bno055_setup	24	static
../Core/Src/bno055.c:264:8:bno055_getSWRevision	32	static
../Core/Src/bno055.c:287:8:bno055_getBootloaderRevision	32	static
../Core/Src/bno055.c:303:8:bno055_getSystemStatus	32	static
../Core/Src/bno055.c:319:8:bno055_getSelfTestResult	32	static
../Core/Src/bno055.c:345:8:bno055_getSystemError	32	static
../Core/Src/bno055.c:361:8:bno055_getCalibrationState	32	static
../Core/Src/bno055.c:386:8:bno055_getCalibrationData	32	static
../Core/Src/bno055.c:440:8:bno055_setCalibrationData	32	static
../Core/Src/bno055.c:542:6:bno055_get_all_values	16	static
../Core/Src/bno055.c:551:9:bno055_rx	8	static
../Core/Src/bno055.c:561:8:bno055_queue_transaction	40	static
../Core/Src/bno055.c:596:8:bno055_setAxisMap	32	static
../Core/Src/bno055.c:622:8:monitor_i2c	24	static
../Core/Src/bno055.c:663:8:bno055_write	32	static
../Core/Src/bno055.c:674:8:bno055_read	32	static
../Core/Src/bno055.c:693:8:i2c_reset	24	static
../Core/Src/bno055.c:711:8:handle_i2c_error	16	static
