../Core/Src/bno055.c:24:6:bno055_setPage	16	static
../Core/Src/bno055.c:26:17:bno055_getOperationMode	16	static
../Core/Src/bno055.c:33:6:bno055_setOperationMode	16	static
../Core/Src/bno055.c:46:6:bno055_setOperationModeConfig	8	static
../Core/Src/bno055.c:51:6:bno055_setOperationModeNDOF	8	static
../Core/Src/bno055.c:56:6:bno055_setExternalCrystalUse	24	static
../Core/Src/bno055.c:66:6:bno055_enableExternalCrystal	8	static
../Core/Src/bno055.c:67:6:bno055_disableExternalCrystal	8	static
../Core/Src/bno055.c:69:6:bno055_reset	8	static
../Core/Src/bno055.c:75:8:bno055_getTemp	16	static
../Core/Src/bno055.c:83:6:bno055_setup	16	static
../Core/Src/bno055.c:101:9:bno055_getSWRevision	16	static
../Core/Src/bno055.c:109:9:bno055_getBootloaderRevision	16	static
../Core/Src/bno055.c:117:9:bno055_getSystemStatus	16	static
../Core/Src/bno055.c:125:27:bno055_getSelfTestResult	32	static
../Core/Src/bno055.c:139:9:bno055_getSystemError	16	static
../Core/Src/bno055.c:147:28:bno055_getCalibrationState	32	static
../Core/Src/bno055.c:161:27:bno055_getCalibrationData	80	static
../Core/Src/bno055.c:183:6:bno055_setCalibrationData	40	static
../Core/Src/bno055.c:206:17:bno055_getVector	56	static
../Core/Src/bno055.c:262:6:bno055_get_all_values	56	static
../Core/Src/bno055.c:279:6:bno055_retrieve_values	8	static
../Core/Src/bno055.c:284:17:bno055_getVectorAccelerometer	16	static
../Core/Src/bno055.c:288:17:bno055_getVectorMagnetometer	16	static
../Core/Src/bno055.c:292:17:bno055_getVectorGyroscope	16	static
../Core/Src/bno055.c:296:17:bno055_getVectorEuler	16	static
../Core/Src/bno055.c:300:17:bno055_getVectorLinearAccel	16	static
../Core/Src/bno055.c:304:17:bno055_getVectorGravity	16	static
../Core/Src/bno055.c:308:17:bno055_getVectorQuaternion	16	static
../Core/Src/bno055.c:313:6:bno055_setAxisMap	32	static
