../Core/Src/bno08x_i2c.c:79:16:waitInt	16	static
../Core/Src/bno08x_i2c.c:94:13:delay_us	24	static
../Core/Src/bno08x_i2c.c:106:14:invSqrt	32	static
../Core/Src/bno08x_i2c.c:118:13:quaternionUpdate	88	static
../Core/Src/bno08x_i2c.c:164:13:resetHeader	16	static
../Core/Src/bno08x_i2c.c:172:26:sendPacket	32	static
../Core/Src/bno08x_i2c.c:232:26:receivePacket	16	static
../Core/Src/bno08x_i2c.c:287:26:sendExecutable	16	static
../Core/Src/bno08x_i2c.c:298:13:getSensorValue	16	static
../Core/Src/bno08x_i2c.c:635:26:processCommandResponse	8	static
../Core/Src/bno08x_i2c.c:685:26:processResponse	8	static
../Core/Src/bno08x_i2c.c:735:26:waitForPacket	8	static
../Core/Src/bno08x_i2c.c:745:26:waitForCommandResponse	16	static
../Core/Src/bno08x_i2c.c:787:26:getID	8	static
../Core/Src/bno08x_i2c.c:798:19:BNO_Init	8	static
../Core/Src/bno08x_i2c.c:822:19:BNO_setHighAccuracyMode	16	static
../Core/Src/bno08x_i2c.c:850:9:isResetOccurred	8	static
../Core/Src/bno08x_i2c.c:859:9:BNO_getSensorEventID	8	static
../Core/Src/bno08x_i2c.c:865:19:BNO_Reset	8	static
../Core/Src/bno08x_i2c.c:888:19:BNO_On	8	static
../Core/Src/bno08x_i2c.c:894:19:BNO_Sleep	8	static
../Core/Src/bno08x_i2c.c:900:17:BNO_getProductID	16	static
../Core/Src/bno08x_i2c.c:906:19:BNO_writeFRS	24	static
../Core/Src/bno08x_i2c.c:950:19:BNO_readFRS	24	static
../Core/Src/bno08x_i2c.c:1039:19:BNO_TareNow	16	static
../Core/Src/bno08x_i2c.c:1061:19:BNO_TarePerist	8	static
../Core/Src/bno08x_i2c.c:1072:19:BNO_TareSetReorientation	32	static
../Core/Src/bno08x_i2c.c:1086:19:BNO_ClearTare	8	static
../Core/Src/bno08x_i2c.c:1101:19:BNO_Initialize	8	static
../Core/Src/bno08x_i2c.c:1111:19:BNO_saveCalibration	8	static
../Core/Src/bno08x_i2c.c:1126:19:BNO_condigureCalibration	16	static
../Core/Src/bno08x_i2c.c:1170:19:BNO_enableCalibration	8	static
../Core/Src/bno08x_i2c.c:1182:19:BNO_configurePeriodicDcdSave	16	static
../Core/Src/bno08x_i2c.c:1193:18:BNO_getOscillatorType	8	static
../Core/Src/bno08x_i2c.c:1206:19:BNO_clearDcdReset	8	static
../Core/Src/bno08x_i2c.c:1224:19:BNO_simpleCalibration	24	static
../Core/Src/bno08x_i2c.c:1257:19:BNO_setBootMode	16	static
../Core/Src/bno08x_i2c.c:1269:16:BNO_getBootMode	8	static
../Core/Src/bno08x_i2c.c:1283:19:BNO_interactiveCalibration	16	static
../Core/Src/bno08x_i2c.c:1307:20:BNO_forceFlush	16	static
../Core/Src/bno08x_i2c.c:1316:20:BNO_getCalibrationStatus	8	static
../Core/Src/bno08x_i2c.c:1326:19:BNO_isCalibrationComplete	8	static
../Core/Src/bno08x_i2c.c:1337:19:setTelescopeOrientation	32	static
../Core/Src/bno08x_i2c.c:1359:19:BNO_calibrateHighAccuracyAndReset	16	static
../Core/Src/bno08x_i2c.c:1407:19:BNO_dataAvailable	8	static
../Core/Src/bno08x_i2c.c:1417:15:BNO_getFeature	40	static
../Core/Src/bno08x_i2c.c:1430:19:BNO_setFeature	32	static
../Core/Src/bno08x_i2c.c:1451:20:BNO_getRollPitchYaw	16	static
../Core/Src/bno08x_i2c.c:1463:21:getaccelerometer	16	static
../Core/Src/bno08x_i2c.c:1487:17:getGyroscope	16	static
../Core/Src/bno08x_i2c.c:1505:21:getMagneticField	16	static
../Core/Src/bno08x_i2c.c:1517:26:getRotationVector	16	static
../Core/Src/bno08x_i2c.c:1523:22:getGameRotationVector	16	static
../Core/Src/bno08x_i2c.c:1703:6:collect_sensor_data	112	static
