../Core/Src/bno055.c:42:6:HAL_I2C_MemTxCpltCallback	16	static
../Core/Src/bno055.c:47:6:HAL_I2C_MemRxCpltCallback	16	static
../Core/Src/bno055.c:52:6:HAL_I2C_ErrorCallback	16	static
../Core/Src/bno055.c:73:6:bno055_setPage	16	static
../Core/Src/bno055.c:77:17:bno055_getOperationMode	16	static
../Core/Src/bno055.c:84:6:bno055_setOperationMode	16	static
../Core/Src/bno055.c:97:6:bno055_setOperationModeConfig	8	static
../Core/Src/bno055.c:102:6:bno055_setOperationModeNDOF	8	static
../Core/Src/bno055.c:107:6:bno055_setExternalCrystalUse	24	static
../Core/Src/bno055.c:117:6:bno055_enableExternalCrystal	8	static
../Core/Src/bno055.c:118:6:bno055_disableExternalCrystal	8	static
../Core/Src/bno055.c:120:9:poll_transaction	8	static
../Core/Src/bno055.c:133:9:bno055_reset	24	static
../Core/Src/bno055.c:145:8:bno055_getTemp	16	static
../Core/Src/bno055.c:153:9:bno055_setup	24	static
../Core/Src/bno055.c:186:9:bno055_getSWRevision	16	static
../Core/Src/bno055.c:194:9:bno055_getBootloaderRevision	16	static
../Core/Src/bno055.c:202:9:bno055_getSystemStatus	16	static
../Core/Src/bno055.c:210:27:bno055_getSelfTestResult	32	static
../Core/Src/bno055.c:224:9:bno055_getSystemError	16	static
../Core/Src/bno055.c:232:28:bno055_getCalibrationState	32	static
../Core/Src/bno055.c:246:27:bno055_getCalibrationData	80	static
../Core/Src/bno055.c:268:6:bno055_setCalibrationData	40	static
../Core/Src/bno055.c:291:6:bno055_get_all_values	16	static
../Core/Src/bno055.c:299:9:bno055_rx	8	static
../Core/Src/bno055.c:308:9:bno055_queue_transaction	32	static
../Core/Src/bno055.c:322:6:bno055_setAxisMap	32	static
