../Core/Src/bno055.c:22:6:bno055_setPage	16	static
../Core/Src/bno055.c:24:17:bno055_getOperationMode	16	static
../Core/Src/bno055.c:31:6:bno055_setOperationMode	16	static
../Core/Src/bno055.c:44:6:bno055_setOperationModeConfig	8	static
../Core/Src/bno055.c:49:6:bno055_setOperationModeNDOF	8	static
../Core/Src/bno055.c:54:6:bno055_setExternalCrystalUse	24	static
../Core/Src/bno055.c:64:6:bno055_enableExternalCrystal	8	static
../Core/Src/bno055.c:65:6:bno055_disableExternalCrystal	8	static
../Core/Src/bno055.c:67:6:bno055_reset	8	static
../Core/Src/bno055.c:73:8:bno055_getTemp	16	static
../Core/Src/bno055.c:81:6:bno055_setup	16	static
../Core/Src/bno055.c:99:9:bno055_getSWRevision	16	static
../Core/Src/bno055.c:107:9:bno055_getBootloaderRevision	16	static
../Core/Src/bno055.c:115:9:bno055_getSystemStatus	16	static
../Core/Src/bno055.c:123:27:bno055_getSelfTestResult	32	static
../Core/Src/bno055.c:137:9:bno055_getSystemError	16	static
../Core/Src/bno055.c:145:28:bno055_getCalibrationState	32	static
../Core/Src/bno055.c:159:27:bno055_getCalibrationData	80	static
../Core/Src/bno055.c:181:6:bno055_setCalibrationData	40	static
../Core/Src/bno055.c:204:17:bno055_getVector	56	static
../Core/Src/bno055.c:259:17:bno055_getVectorAccelerometer	16	static
../Core/Src/bno055.c:263:17:bno055_getVectorMagnetometer	16	static
../Core/Src/bno055.c:267:17:bno055_getVectorGyroscope	16	static
../Core/Src/bno055.c:271:17:bno055_getVectorEuler	16	static
../Core/Src/bno055.c:275:17:bno055_getVectorLinearAccel	16	static
../Core/Src/bno055.c:279:17:bno055_getVectorGravity	16	static
../Core/Src/bno055.c:283:17:bno055_getVectorQuaternion	16	static
../Core/Src/bno055.c:288:6:bno055_setAxisMap	32	static
