../Core/Src/bno055.c:51:6:HAL_I2C_MemTxCpltCallback	16	static
../Core/Src/bno055.c:56:6:HAL_I2C_MemRxCpltCallback	16	static
../Core/Src/bno055.c:61:6:HAL_I2C_ErrorCallback	16	static
../Core/Src/bno055.c:82:6:bno055_setPage	16	static
../Core/Src/bno055.c:86:17:bno055_getOperationMode	16	static
../Core/Src/bno055.c:93:6:bno055_setOperationMode	16	static
../Core/Src/bno055.c:106:6:bno055_setOperationModeConfig	8	static
../Core/Src/bno055.c:111:6:bno055_setOperationModeNDOF	8	static
../Core/Src/bno055.c:116:6:bno055_setExternalCrystalUse	24	static
../Core/Src/bno055.c:126:6:bno055_enableExternalCrystal	8	static
../Core/Src/bno055.c:127:6:bno055_disableExternalCrystal	8	static
../Core/Src/bno055.c:129:9:poll_transaction	8	static
../Core/Src/bno055.c:142:9:bno055_reset	24	static
../Core/Src/bno055.c:154:8:bno055_getTemp	16	static
../Core/Src/bno055.c:162:9:bno055_setup	24	static
../Core/Src/bno055.c:195:9:bno055_getSWRevision	16	static
../Core/Src/bno055.c:203:9:bno055_getBootloaderRevision	16	static
../Core/Src/bno055.c:211:9:bno055_getSystemStatus	16	static
../Core/Src/bno055.c:219:27:bno055_getSelfTestResult	32	static
../Core/Src/bno055.c:233:9:bno055_getSystemError	16	static
../Core/Src/bno055.c:241:28:bno055_getCalibrationState	32	static
../Core/Src/bno055.c:255:27:bno055_getCalibrationData	80	static
../Core/Src/bno055.c:277:6:bno055_setCalibrationData	40	static
../Core/Src/bno055.c:300:17:bno055_getVector	56	static
../Core/Src/bno055.c:356:6:bno055_get_all_values	16	static
../Core/Src/bno055.c:364:9:bno055_rx	8	static
../Core/Src/bno055.c:373:9:bno055_queue_transaction	32	static
../Core/Src/bno055.c:387:17:bno055_getVectorAccelerometer	16	static
../Core/Src/bno055.c:391:17:bno055_getVectorMagnetometer	16	static
../Core/Src/bno055.c:395:17:bno055_getVectorGyroscope	16	static
../Core/Src/bno055.c:399:17:bno055_getVectorEuler	16	static
../Core/Src/bno055.c:403:17:bno055_getVectorLinearAccel	16	static
../Core/Src/bno055.c:407:17:bno055_getVectorGravity	16	static
../Core/Src/bno055.c:411:17:bno055_getVectorQuaternion	16	static
../Core/Src/bno055.c:416:6:bno055_setAxisMap	32	static
