../Core/Src/lin_actuator.c:32:8:actuate	40	static
../Core/Src/lin_actuator.c:83:6:DRV_Shutoff	8	static
../Core/Src/lin_actuator.c:88:9:DRV_GetShutoff	8	static
../Core/Src/lin_actuator.c:93:8:DRV_Activate	32	static
../Core/Src/lin_actuator.c:140:7:pid_step	56	static
../Core/Src/lin_actuator.c:209:8:DRV_Init	64	static
../Core/Src/lin_actuator.c:305:8:DRV_GetDeviceId	40	static
../Core/Src/lin_actuator.c:322:8:DRV_GetFaultSummary	40	static
../Core/Src/lin_actuator.c:339:8:DRV_GetStatus1	40	static
../Core/Src/lin_actuator.c:356:8:DRV_GetStatus2	40	static
../Core/Src/lin_actuator.c:373:8:DRV_GetCommand	40	static
../Core/Src/lin_actuator.c:390:8:DRV_SetCommand	40	static
../Core/Src/lin_actuator.c:403:8:DRV_GetSpiIn	40	static
../Core/Src/lin_actuator.c:420:8:DRV_SetSpiIn	40	static
../Core/Src/lin_actuator.c:433:8:DRV_GetConfig1	40	static
../Core/Src/lin_actuator.c:450:8:DRV_SetConfig1	40	static
../Core/Src/lin_actuator.c:463:8:DRV_GetConfig2	40	static
../Core/Src/lin_actuator.c:480:8:DRV_SetConfig2	40	static
../Core/Src/lin_actuator.c:493:8:DRV_GetConfig3	40	static
../Core/Src/lin_actuator.c:510:8:DRV_SetConfig3	40	static
../Core/Src/lin_actuator.c:523:8:DRV_GetConfig4	40	static
../Core/Src/lin_actuator.c:540:8:DRV_SetConfig4	40	static
