../Core/Src/lin_actuator.c:32:8:actuate	40	static
../Core/Src/lin_actuator.c:82:6:DRV_Shutoff	8	static
../Core/Src/lin_actuator.c:87:9:DRV_GetShutoff	8	static
../Core/Src/lin_actuator.c:92:8:DRV_Activate	32	static
../Core/Src/lin_actuator.c:139:7:pid_step	56	static
../Core/Src/lin_actuator.c:208:8:DRV_Init	64	static
../Core/Src/lin_actuator.c:304:8:DRV_GetDeviceId	40	static
../Core/Src/lin_actuator.c:321:8:DRV_GetFaultSummary	40	static
../Core/Src/lin_actuator.c:338:8:DRV_GetStatus1	40	static
../Core/Src/lin_actuator.c:355:8:DRV_GetStatus2	40	static
../Core/Src/lin_actuator.c:372:8:DRV_GetCommand	40	static
../Core/Src/lin_actuator.c:389:8:DRV_SetCommand	40	static
../Core/Src/lin_actuator.c:402:8:DRV_GetSpiIn	40	static
../Core/Src/lin_actuator.c:419:8:DRV_SetSpiIn	40	static
../Core/Src/lin_actuator.c:432:8:DRV_GetConfig1	40	static
../Core/Src/lin_actuator.c:449:8:DRV_SetConfig1	40	static
../Core/Src/lin_actuator.c:462:8:DRV_GetConfig2	40	static
../Core/Src/lin_actuator.c:479:8:DRV_SetConfig2	40	static
../Core/Src/lin_actuator.c:492:8:DRV_GetConfig3	40	static
../Core/Src/lin_actuator.c:509:8:DRV_SetConfig3	40	static
../Core/Src/lin_actuator.c:522:8:DRV_GetConfig4	40	static
../Core/Src/lin_actuator.c:539:8:DRV_SetConfig4	40	static
