../Core/Src/lin_actuator.c:32:8:actuate	48	static
../Core/Src/lin_actuator.c:87:6:DRV_Shutoff	8	static
../Core/Src/lin_actuator.c:92:9:DRV_GetShutoff	8	static
../Core/Src/lin_actuator.c:97:8:DRV_Activate	32	static
../Core/Src/lin_actuator.c:144:7:pid_step	56	static
../Core/Src/lin_actuator.c:213:8:DRV_Init	64	static
../Core/Src/lin_actuator.c:309:8:DRV_GetDeviceId	40	static
../Core/Src/lin_actuator.c:326:8:DRV_GetFaultSummary	40	static
../Core/Src/lin_actuator.c:343:8:DRV_GetStatus1	40	static
../Core/Src/lin_actuator.c:360:8:DRV_GetStatus2	40	static
../Core/Src/lin_actuator.c:377:8:DRV_GetCommand	40	static
../Core/Src/lin_actuator.c:394:8:DRV_SetCommand	40	static
../Core/Src/lin_actuator.c:407:8:DRV_GetSpiIn	40	static
../Core/Src/lin_actuator.c:424:8:DRV_SetSpiIn	40	static
../Core/Src/lin_actuator.c:437:8:DRV_GetConfig1	40	static
../Core/Src/lin_actuator.c:454:8:DRV_SetConfig1	40	static
../Core/Src/lin_actuator.c:467:8:DRV_GetConfig2	40	static
../Core/Src/lin_actuator.c:484:8:DRV_SetConfig2	40	static
../Core/Src/lin_actuator.c:497:8:DRV_GetConfig3	40	static
../Core/Src/lin_actuator.c:514:8:DRV_SetConfig3	40	static
../Core/Src/lin_actuator.c:527:8:DRV_GetConfig4	40	static
../Core/Src/lin_actuator.c:544:8:DRV_SetConfig4	40	static
