../Core/Inc/bno055_i2c.h:31:6:bno055_assignI2C	16	static
../Core/Inc/bno055_i2c.h:36:6:bno055_delay	16	static
../Core/Inc/bno055_i2c.h:45:6:bno055_writeData	48	static
../Core/Inc/bno055_i2c.h:153:6:bno055_readData	24	static
../Core/Src/main.c:128:6:HAL_I2C_MasterRxCpltCallback	16	static
../Core/Src/main.c:133:6:HAL_ADC_ConvCpltCallback	24	static
../Core/Src/main.c:146:5:main	24	static
../Core/Src/main.c:293:6:SystemClock_Config	72	static
../Core/Src/main.c:330:13:MX_ADC1_Init	24	static
../Core/Src/main.c:450:13:MX_I2C1_Init	8	static
../Core/Src/main.c:498:13:MX_SPI1_Init	8	static
../Core/Src/main.c:538:13:MX_TIM1_Init	104	static
../Core/Src/main.c:610:13:MX_TIM14_Init	8	static
../Core/Src/main.c:641:13:MX_USART1_UART_Init	8	static
../Core/Src/main.c:687:13:MX_DMA_Init	16	static
../Core/Src/main.c:708:13:MX_GPIO_Init	56	static
../Core/Src/main.c:749:6:Error_Handler	8	static,ignoring_inline_asm
