../Drivers/STM32C0xx_HAL_Driver/Inc/stm32c0xx_ll_adc.h:2744:22:LL_ADC_REG_SetSequencerConfigurable	16	static
../Drivers/STM32C0xx_HAL_Driver/Inc/stm32c0xx_ll_adc.h:2945:22:LL_ADC_REG_SetSequencerScanDirection	16	static
../Drivers/STM32C0xx_HAL_Driver/Inc/stm32c0xx_ll_adc.h:3278:22:LL_ADC_REG_SetSequencerChannels	16	static
../Drivers/STM32C0xx_HAL_Driver/Inc/stm32c0xx_ll_adc.h:4917:26:LL_ADC_IsActiveFlag_CCRDY	16	static
../Core/Inc/bno055_i2c.h:33:6:bno055_delay	16	static
../Core/Inc/bno055_i2c.h:42:9:bno055_writeData	32	static
../Core/Inc/bno055_i2c.h:48:9:bno055_readData	40	static
../Core/Inc/bno055_i2c.h:61:9:bno055_read_data_dma	16	static
../Core/Src/main.c:138:6:HAL_ADC_ConvCpltCallback	16	static
../Core/Src/main.c:154:5:main	32	static
../Core/Src/main.c:383:6:SystemClock_Config	72	static
../Core/Src/main.c:418:13:MX_ADC1_Init	24	static
../Core/Src/main.c:550:13:MX_I2C1_Init	8	static
../Core/Src/main.c:598:13:MX_SPI1_Init	8	static
../Core/Src/main.c:638:13:MX_TIM1_Init	104	static
../Core/Src/main.c:710:13:MX_TIM14_Init	8	static
../Core/Src/main.c:741:13:MX_USART1_UART_Init	8	static
../Core/Src/main.c:787:13:MX_DMA_Init	16	static
../Core/Src/main.c:808:13:MX_GPIO_Init	56	static
../Core/Src/main.c:875:6:Error_Handler	8	static,ignoring_inline_asm
