../Core/Inc/bno055_i2c.h:33:6:bno055_delay	16	static
../Core/Inc/bno055_i2c.h:42:9:bno055_writeData	32	static
../Core/Inc/bno055_i2c.h:48:9:bno055_readData	40	static
../Core/Inc/bno055_i2c.h:61:9:bno055_read_data_dma	16	static
../Core/Src/main.c:136:6:HAL_ADC_ConvCpltCallback	16	static
../Core/Src/main.c:151:5:main	24	static
../Core/Src/main.c:323:6:SystemClock_Config	72	static
../Core/Src/main.c:360:6:PeriphCommonClock_Config	40	static
../Core/Src/main.c:380:13:MX_ADC1_Init	24	static
../Core/Src/main.c:501:13:MX_I2C1_Init	8	static
../Core/Src/main.c:549:13:MX_SPI1_Init	8	static
../Core/Src/main.c:589:13:MX_TIM1_Init	104	static
../Core/Src/main.c:661:13:MX_TIM14_Init	8	static
../Core/Src/main.c:692:13:MX_USART1_UART_Init	8	static
../Core/Src/main.c:738:13:MX_DMA_Init	16	static
../Core/Src/main.c:759:13:MX_GPIO_Init	56	static
../Core/Src/main.c:800:6:Error_Handler	8	static,ignoring_inline_asm
