../Core/Src/main.c:119:6:HAL_I2C_MasterRxCpltCallback	16	static
../Core/Src/main.c:124:6:HAL_ADC_ConvCpltCallback	24	static
../Core/Src/main.c:137:5:main	24	static
../Core/Src/main.c:231:6:SystemClock_Config	72	static
../Core/Src/main.c:268:13:MX_ADC1_Init	24	static
../Core/Src/main.c:388:13:MX_I2C1_Init	8	static
../Core/Src/main.c:436:13:MX_SPI1_Init	8	static
../Core/Src/main.c:476:13:MX_TIM1_Init	104	static
../Core/Src/main.c:548:13:MX_TIM14_Init	8	static
../Core/Src/main.c:579:13:MX_USART1_UART_Init	8	static
../Core/Src/main.c:625:13:MX_DMA_Init	16	static
../Core/Src/main.c:646:13:MX_GPIO_Init	56	static
../Core/Src/main.c:693:6:Error_Handler	8	static,ignoring_inline_asm
