../Core/Src/main.c:88:6:HAL_ADC_ConvCpltCallback	24	static
../Core/Src/main.c:101:5:main	24	static
../Core/Src/main.c:183:6:SystemClock_Config	72	static
../Core/Src/main.c:220:13:MX_ADC1_Init	24	static
../Core/Src/main.c:340:13:MX_I2C1_Init	8	static
../Core/Src/main.c:388:13:MX_SPI1_Init	8	static
../Core/Src/main.c:428:13:MX_TIM1_Init	104	static
../Core/Src/main.c:500:13:MX_USART1_UART_Init	8	static
../Core/Src/main.c:546:13:MX_DMA_Init	16	static
../Core/Src/main.c:564:13:MX_GPIO_Init	56	static
../Core/Src/main.c:611:6:Error_Handler	8	static,ignoring_inline_asm
