../Core/Inc/bno055_i2c.h:31:6:bno055_assignI2C	16	static
../Core/Inc/bno055_i2c.h:36:6:bno055_delay	16	static
../Core/Inc/bno055_i2c.h:45:6:bno055_writeData	48	static
../Core/Inc/bno055_i2c.h:153:6:bno055_readData	40	static
../Core/Src/main.c:136:6:HAL_I2C_MasterRxCpltCallback	16	static
../Core/Src/main.c:141:6:HAL_ADC_ConvCpltCallback	24	static
../Core/Src/main.c:154:5:main	24	static
../Core/Src/main.c:316:6:SystemClock_Config	72	static
../Core/Src/main.c:351:13:MX_ADC1_Init	24	static
../Core/Src/main.c:471:13:MX_I2C1_Init	8	static
../Core/Src/main.c:519:13:MX_SPI1_Init	8	static
../Core/Src/main.c:559:13:MX_TIM1_Init	104	static
../Core/Src/main.c:631:13:MX_TIM14_Init	8	static
../Core/Src/main.c:662:13:MX_USART1_UART_Init	8	static
../Core/Src/main.c:708:13:MX_DMA_Init	16	static
../Core/Src/main.c:732:13:MX_GPIO_Init	56	static
../Core/Src/main.c:773:6:Error_Handler	8	static,ignoring_inline_asm
