../Core/Src/main.c:96:6:HAL_I2C_MasterRxCpltCallback	16	static
../Core/Src/main.c:101:6:HAL_ADC_ConvCpltCallback	24	static
../Core/Src/main.c:114:5:main	24	static
../Core/Src/main.c:197:6:SystemClock_Config	72	static
../Core/Src/main.c:234:13:MX_ADC1_Init	24	static
../Core/Src/main.c:354:13:MX_I2C1_Init	8	static
../Core/Src/main.c:402:13:MX_SPI1_Init	8	static
../Core/Src/main.c:442:13:MX_TIM1_Init	104	static
../Core/Src/main.c:514:13:MX_TIM14_Init	8	static
../Core/Src/main.c:545:13:MX_USART1_UART_Init	8	static
../Core/Src/main.c:591:13:MX_DMA_Init	16	static
../Core/Src/main.c:612:13:MX_GPIO_Init	56	static
../Core/Src/main.c:659:6:Error_Handler	8	static,ignoring_inline_asm
