../Drivers/STM32C0xx_HAL_Driver/Inc/stm32c0xx_ll_adc.h:2744:22:LL_ADC_REG_SetSequencerConfigurable	16	static
../Drivers/STM32C0xx_HAL_Driver/Inc/stm32c0xx_ll_adc.h:2945:22:LL_ADC_REG_SetSequencerScanDirection	16	static
../Drivers/STM32C0xx_HAL_Driver/Inc/stm32c0xx_ll_adc.h:3278:22:LL_ADC_REG_SetSequencerChannels	16	static
../Drivers/STM32C0xx_HAL_Driver/Inc/stm32c0xx_ll_adc.h:4917:26:LL_ADC_IsActiveFlag_CCRDY	16	static
../Core/Src/main.c:169:6:HAL_ADC_ConvCpltCallback	16	static
../Core/Src/main.c:181:6:HAL_ADC_ConvHalfCpltCallback	16	static
../Core/Src/main.c:192:5:main	24	static
../Core/Src/main.c:499:6:SystemClock_Config	72	static
../Core/Src/main.c:534:13:MX_ADC1_Init	24	static
../Core/Src/main.c:668:13:MX_I2C1_Init	8	static
../Core/Src/main.c:716:13:MX_SPI1_Init	8	static
../Core/Src/main.c:756:13:MX_TIM1_Init	104	static
../Core/Src/main.c:828:13:MX_TIM14_Init	8	static
../Core/Src/main.c:859:13:MX_USART1_UART_Init	8	static
../Core/Src/main.c:905:13:MX_DMA_Init	16	static
../Core/Src/main.c:929:13:MX_GPIO_Init	56	static
../Core/Src/main.c:992:6:Error_Handler	8	static,ignoring_inline_asm
