../Core/Inc/bno055_i2c.h:31:6:bno055_assignI2C	16	static
../Core/Inc/bno055_i2c.h:36:6:bno055_delay	16	static
../Core/Inc/bno055_i2c.h:45:6:bno055_writeData	48	static
../Core/Inc/bno055_i2c.h:153:6:bno055_readData	24	static
../Core/Src/main.c:129:6:HAL_I2C_MasterRxCpltCallback	16	static
../Core/Src/main.c:134:6:HAL_ADC_ConvCpltCallback	24	static
../Core/Src/main.c:147:5:main	24	static
../Core/Src/main.c:294:6:SystemClock_Config	72	static
../Core/Src/main.c:331:13:MX_ADC1_Init	24	static
../Core/Src/main.c:451:13:MX_I2C1_Init	8	static
../Core/Src/main.c:499:13:MX_SPI1_Init	8	static
../Core/Src/main.c:539:13:MX_TIM1_Init	104	static
../Core/Src/main.c:611:13:MX_TIM14_Init	8	static
../Core/Src/main.c:642:13:MX_USART1_UART_Init	8	static
../Core/Src/main.c:688:13:MX_DMA_Init	16	static
../Core/Src/main.c:712:13:MX_GPIO_Init	56	static
../Core/Src/main.c:753:6:Error_Handler	8	static,ignoring_inline_asm
