../Drivers/CMSIS/Include/core_cm0plus.h:741:22:__NVIC_EnableIRQ	16	static,ignoring_inline_asm
../Drivers/CMSIS/Include/core_cm0plus.h:850:22:__NVIC_SetPriority	24	static
../Drivers/STM32C0xx_HAL_Driver/Inc/stm32c0xx_ll_adc.h:1958:26:LL_ADC_DMA_GetRegAddr	16	static
../Drivers/STM32C0xx_HAL_Driver/Inc/stm32c0xx_ll_adc.h:2475:22:LL_ADC_SetTriggerFrequencyMode	16	static
../Drivers/STM32C0xx_HAL_Driver/Inc/stm32c0xx_ll_adc.h:2537:22:LL_ADC_SetSamplingTimeCommonChannels	24	static
../Drivers/STM32C0xx_HAL_Driver/Inc/stm32c0xx_ll_adc.h:2744:22:LL_ADC_REG_SetSequencerConfigurable	16	static
../Drivers/STM32C0xx_HAL_Driver/Inc/stm32c0xx_ll_adc.h:2945:22:LL_ADC_REG_SetSequencerScanDirection	16	static
../Drivers/STM32C0xx_HAL_Driver/Inc/stm32c0xx_ll_adc.h:3379:22:LL_ADC_REG_SetSequencerChAdd	16	static
../Drivers/STM32C0xx_HAL_Driver/Inc/stm32c0xx_ll_adc.h:4400:22:LL_ADC_SetOverSamplingScope	16	static
../Drivers/STM32C0xx_HAL_Driver/Inc/stm32c0xx_ll_adc.h:4566:22:LL_ADC_EnableInternalRegulator	16	static
../Drivers/STM32C0xx_HAL_Driver/Inc/stm32c0xx_ll_adc.h:4656:26:LL_ADC_IsEnabled	16	static
../Drivers/STM32C0xx_HAL_Driver/Inc/stm32c0xx_ll_adc.h:4667:26:LL_ADC_IsDisableOngoing	16	static
../Drivers/STM32C0xx_HAL_Driver/Inc/stm32c0xx_ll_adc.h:4747:22:LL_ADC_REG_StartConversion	16	static
../Drivers/STM32C0xx_HAL_Driver/Inc/stm32c0xx_ll_adc.h:4783:26:LL_ADC_REG_IsConversionOngoing	16	static
../Drivers/STM32C0xx_HAL_Driver/Inc/stm32c0xx_ll_adc.h:4917:26:LL_ADC_IsActiveFlag_CCRDY	16	static
../Drivers/STM32C0xx_HAL_Driver/Inc/stm32c0xx_ll_adc.h:5030:22:LL_ADC_ClearFlag_CCRDY	16	static
../Drivers/STM32C0xx_HAL_Driver/Inc/stm32c0xx_ll_adc.h:5181:22:LL_ADC_EnableIT_OVR	16	static
../Drivers/STM32C0xx_HAL_Driver/Inc/stm32c0xx_ll_adc.h:5268:22:LL_ADC_DisableIT_EOC	16	static
../Drivers/STM32C0xx_HAL_Driver/Inc/stm32c0xx_ll_adc.h:5279:22:LL_ADC_DisableIT_EOS	16	static
../Drivers/STM32C0xx_HAL_Driver/Inc/stm32c0xx_ll_bus.h:566:22:LL_APB1_GRP2_EnableClock	24	static
../Drivers/STM32C0xx_HAL_Driver/Inc/stm32c0xx_ll_bus.h:767:22:LL_IOP_GRP1_EnableClock	24	static
../Drivers/STM32C0xx_HAL_Driver/Inc/stm32c0xx_ll_cortex.h:221:26:LL_SYSTICK_IsActiveCounterFlag	8	static
../Drivers/STM32C0xx_HAL_Driver/Inc/stm32c0xx_ll_dma.h:436:22:LL_DMA_EnableChannel	24	static
../Drivers/STM32C0xx_HAL_Driver/Inc/stm32c0xx_ll_dma.h:537:22:LL_DMA_SetDataTransferDirection	32	static
../Drivers/STM32C0xx_HAL_Driver/Inc/stm32c0xx_ll_dma.h:586:22:LL_DMA_SetMode	32	static
../Drivers/STM32C0xx_HAL_Driver/Inc/stm32c0xx_ll_dma.h:631:22:LL_DMA_SetPeriphIncMode	32	static
../Drivers/STM32C0xx_HAL_Driver/Inc/stm32c0xx_ll_dma.h:676:22:LL_DMA_SetMemoryIncMode	32	static
../Drivers/STM32C0xx_HAL_Driver/Inc/stm32c0xx_ll_dma.h:722:22:LL_DMA_SetPeriphSize	32	static
../Drivers/STM32C0xx_HAL_Driver/Inc/stm32c0xx_ll_dma.h:769:22:LL_DMA_SetMemorySize	32	static
../Drivers/STM32C0xx_HAL_Driver/Inc/stm32c0xx_ll_dma.h:817:22:LL_DMA_SetChannelPriorityLevel	32	static
../Drivers/STM32C0xx_HAL_Driver/Inc/stm32c0xx_ll_dma.h:864:22:LL_DMA_SetDataLength	32	static
../Drivers/STM32C0xx_HAL_Driver/Inc/stm32c0xx_ll_dma.h:915:22:LL_DMA_ConfigAddresses	32	static
../Drivers/STM32C0xx_HAL_Driver/Inc/stm32c0xx_ll_dma.h:1158:22:LL_DMA_SetPeriphRequest	24	static
../Drivers/STM32C0xx_HAL_Driver/Inc/stm32c0xx_ll_dma.h:1749:22:LL_DMA_EnableIT_TC	24	static
../Drivers/STM32C0xx_HAL_Driver/Inc/stm32c0xx_ll_dma.h:1768:22:LL_DMA_EnableIT_HT	24	static
../Drivers/STM32C0xx_HAL_Driver/Inc/stm32c0xx_ll_dma.h:1787:22:LL_DMA_EnableIT_TE	24	static
../Core/Src/main.c:170:5:main	24	static
../Core/Src/main.c:483:6:SystemClock_Config	72	static
../Core/Src/main.c:518:13:MX_ADC1_Init	128	static
../Core/Src/main.c:726:13:MX_I2C1_Init	8	static
../Core/Src/main.c:774:13:MX_SPI1_Init	8	static
../Core/Src/main.c:814:13:MX_TIM1_Init	104	static
../Core/Src/main.c:886:13:MX_TIM14_Init	8	static
../Core/Src/main.c:917:13:MX_USART1_UART_Init	8	static
../Core/Src/main.c:963:13:MX_DMA_Init	16	static
../Core/Src/main.c:987:13:MX_GPIO_Init	56	static
../Core/Src/main.c:1050:6:Error_Handler	8	static,ignoring_inline_asm
