../Core/Src/modbus.c:121:6:HAL_UARTEx_RxEventCallback	32	static
../Core/Src/modbus.c:177:8:handle_chunk_miss	24	static
../Core/Src/modbus.c:203:10:get_response_buffer	16	static
../Core/Src/modbus.c:216:9:get_rx_buffer	16	static
../Core/Src/modbus.c:230:8:set_tx_buffer	16	static
../Core/Src/modbus.c:254:8:read_holding_registers	32	static
../Core/Src/modbus.c:294:8:write_multiple_registers	32	static
../Core/Src/modbus.c:332:8:modbus_mic	32	static
../Core/Src/modbus.c:366:8:modbus_poll_for_response	32	static
../Core/Src/modbus.c:390:6:set_response_interval	16	static
../Core/Src/modbus.c:395:10:get_response_interval	8	static
../Core/Src/modbus.c:403:6:store_rx_buffer	24	static
../Core/Src/modbus.c:422:8:return_holding_registers	40	static,ignoring_inline_asm
../Core/Src/modbus.c:499:8:edit_multiple_registers	32	static
../Core/Src/modbus.c:565:8:modbus_exception	16	static
../Core/Src/modbus.c:577:6:handle_range	16	static
../Core/Src/modbus.c:627:8:modbus_send	32	static
../Core/Src/modbus.c:640:9:modbus_rx	8	static
../Core/Src/modbus.c:657:8:modbus_set_rx	16	static
../Core/Src/modbus.c:673:8:modbus_change_baud_rate	16	static
../Core/Src/modbus.c:749:8:modbus_set_baud_rate	24	static
../Core/Src/modbus.c:767:8:modbus_get_baud_rate	24	static
../Core/Src/modbus.c:778:9:significant_error	16	static
../Core/Src/modbus.c:814:10:crc_16	24	static
