../Core/Src/modbus.c:133:6:HAL_UARTEx_RxEventCallback	32	static
../Core/Src/modbus.c:189:6:HAL_UART_TxCpltCallback	16	static
../Core/Src/modbus.c:194:6:HAL_UART_ErrorCallback	16	static
../Core/Src/modbus.c:354:9:modbus_rx	8	static
../Core/Src/modbus.c:364:8:return_holding_registers	32	static
../Core/Src/modbus.c:442:8:edit_multiple_registers	40	static
../Core/Src/modbus.c:507:8:modbus_exception	16	static
../Core/Src/modbus.c:516:6:handle_range	16	static
../Core/Src/modbus.c:610:8:modbus_send	40	static
../Core/Src/modbus.c:625:8:modbus_reset	16	static
../Core/Src/modbus.c:644:8:modbus_set_rx	16	static
../Core/Src/modbus.c:652:8:monitor_modbus	24	static
../Core/Src/modbus.c:730:8:modbus_startup	16	static
../Core/Src/modbus.c:751:8:modbus_shutdown	16	static
../Core/Src/modbus.c:763:8:modbus_change_baud_rate	24	static
../Core/Src/modbus.c:839:8:modbus_set_baud_rate	24	static
../Core/Src/modbus.c:857:8:modbus_get_baud_rate	24	static
../Core/Src/modbus.c:869:9:get_rx_buffer	16	static
../Core/Src/modbus.c:880:8:handle_modbus_error	16	static
../Core/Src/modbus.c:888:10:crc_16	24	static
../Core/Src/modbus.c:905:8:handle_chunk_miss	24	static
