../Core/Src/modbus.c:99:6:HAL_UART_RxCpltCallback	16	static
../Core/Src/modbus.c:105:6:HAL_UART_TxCpltCallback	16	static
../Core/Src/modbus.c:113:10:get_response_buffer	16	static
../Core/Src/modbus.c:126:9:get_rx_buffer	16	static
../Core/Src/modbus.c:138:8:read_holding_registers	40	static
../Core/Src/modbus.c:183:8:write_multiple_registers	40	static
../Core/Src/modbus.c:227:8:set_tx_buffer	16	static
../Core/Src/modbus.c:243:8:modbus_send	32	static
../Core/Src/modbus.c:267:8:modbus_poll_for_response	32	static
../Core/Src/modbus.c:290:8:modbus_set_rx	16	static
../Core/Src/modbus.c:299:9:modbus_rx	8	static
../Core/Src/modbus.c:312:6:set_response_interval	16	static
../Core/Src/modbus.c:317:10:get_response_interval	8	static
../Core/Src/modbus.c:325:8:modbus_mic	32	static
../Core/Src/modbus.c:359:6:store_rx_buffer	16	static
../Core/Src/modbus.c:376:8:modbus_change_baud_rate	24	static
../Core/Src/modbus.c:444:8:modbus_set_baud_rate	24	static
../Core/Src/modbus.c:462:8:modbus_get_baud_rate	24	static
../Core/Src/modbus.c:473:9:significant_error	16	static
../Core/Src/modbus.c:509:10:crc_16	24	static
