../Core/Src/modbus.c:120:6:HAL_UARTEx_RxEventCallback	16	static
../Core/Src/modbus.c:149:6:HAL_UART_TxCpltCallback	16	static
../Core/Src/modbus.c:154:6:HAL_UART_ErrorCallback	16	static
../Core/Src/modbus.c:314:9:modbus_rx	8	static
../Core/Src/modbus.c:324:8:return_holding_registers	32	static
../Core/Src/modbus.c:361:8:edit_multiple_registers	40	static
../Core/Src/modbus.c:427:8:modbus_exception	16	static
../Core/Src/modbus.c:436:6:handle_range	16	static
../Core/Src/modbus.c:530:8:modbus_send	40	static
../Core/Src/modbus.c:545:8:modbus_reset	16	static
../Core/Src/modbus.c:564:8:modbus_set_rx	16	static
../Core/Src/modbus.c:572:8:monitor_modbus	24	static
../Core/Src/modbus.c:651:8:modbus_startup	16	static
../Core/Src/modbus.c:672:8:modbus_shutdown	16	static
../Core/Src/modbus.c:684:8:modbus_change_baud_rate	24	static
../Core/Src/modbus.c:765:8:modbus_set_baud_rate	24	static
../Core/Src/modbus.c:783:8:modbus_get_baud_rate	24	static
../Core/Src/modbus.c:795:9:get_rx_buffer	16	static
../Core/Src/modbus.c:804:8:handle_modbus_error	16	static
../Core/Src/modbus.c:812:10:crc_16	24	static
../Core/Src/modbus.c:829:8:handle_chunk_miss	24	static
