../Drivers/STM32C0xx_HAL_Driver/Inc/stm32c0xx_ll_adc.h:3672:22:LL_ADC_REG_SetDMATransfer	16	static
../Drivers/STM32C0xx_HAL_Driver/Inc/stm32c0xx_ll_adc.h:3705:26:LL_ADC_REG_GetDMATransfer	16	static
../Drivers/STM32C0xx_HAL_Driver/Inc/stm32c0xx_ll_adc.h:4566:22:LL_ADC_EnableInternalRegulator	16	static
../Drivers/STM32C0xx_HAL_Driver/Inc/stm32c0xx_ll_adc.h:4617:22:LL_ADC_Enable	16	static
../Drivers/STM32C0xx_HAL_Driver/Inc/stm32c0xx_ll_adc.h:4656:26:LL_ADC_IsEnabled	16	static
../Drivers/STM32C0xx_HAL_Driver/Inc/stm32c0xx_ll_adc.h:4700:22:LL_ADC_StartCalibration	16	static
../Drivers/STM32C0xx_HAL_Driver/Inc/stm32c0xx_ll_adc.h:4716:26:LL_ADC_IsCalibrationOnGoing	16	static
../Drivers/STM32C0xx_HAL_Driver/Inc/stm32c0xx_ll_adc.h:4890:26:LL_ADC_IsActiveFlag_ADRDY	16	static
../Drivers/STM32C0xx_HAL_Driver/Inc/stm32c0xx_ll_cortex.h:221:26:LL_SYSTICK_IsActiveCounterFlag	8	static
../Core/Src/sensor_adc.c:62:6:ADC_ConvCpltCallback	8	static
../Core/Src/sensor_adc.c:67:6:ADC_ConvHalfCpltCallback	8	static
../Core/Src/sensor_adc.c:72:6:ADC_ErrorCallback	8	static
../Core/Src/sensor_adc.c:77:6:ADC_Activate	24	static
../Core/Src/sensor_adc.c:201:8:monitor_adc	8	static
