../Core/Src/vl53l0x.c:51:6:writeReg	32	static
../Core/Src/vl53l0x.c:58:6:writeReg16Bit	32	static
../Core/Src/vl53l0x.c:65:6:writeReg32Bit	32	static
../Core/Src/vl53l0x.c:72:9:readReg	40	static
../Core/Src/vl53l0x.c:82:10:readReg16Bit	40	static
../Core/Src/vl53l0x.c:92:10:readReg32Bit	40	static
../Core/Src/vl53l0x.c:102:6:writeMulti	40	static
../Core/Src/vl53l0x.c:110:6:readMulti	40	static
../Core/Src/vl53l0x.c:118:6:setAddress_VL53L0X	16	static
../Core/Src/vl53l0x.c:123:9:getAddress_VL53L0X	8	static
../Core/Src/vl53l0x.c:135:9:initVL53L0X	40	static
../Core/Src/vl53l0x.c:372:9:setSignalRateLimit	16	static
../Core/Src/vl53l0x.c:382:7:getSignalRateLimit	8	static
../Core/Src/vl53l0x.c:394:9:setMeasurementTimingBudget	88	static
../Core/Src/vl53l0x.c:483:10:getMeasurementTimingBudget	64	static
../Core/Src/vl53l0x.c:537:9:setVcselPulsePeriod	64	static
../Core/Src/vl53l0x.c:714:9:getVcselPulsePeriod	16	static
../Core/Src/vl53l0x.c:733:6:startContinuous	32	static
../Core/Src/vl53l0x.c:771:6:stopContinuous	8	static
../Core/Src/vl53l0x.c:786:10:readRangeContinuousMillimeters	40	static
../Core/Src/vl53l0x.c:829:10:readRangeSingleMillimeters	16	static
../Core/Src/vl53l0x.c:851:9:timeoutOccurred	16	static
../Core/Src/vl53l0x.c:858:6:setTimeout	16	static
../Core/Src/vl53l0x.c:862:10:getTimeout	8	static
../Core/Src/vl53l0x.c:871:9:getSpadInfo	32	static
../Core/Src/vl53l0x.c:913:6:getSequenceStepEnables	32	static
../Core/Src/vl53l0x.c:928:6:getSequenceStepTimeouts	16	static
../Core/Src/vl53l0x.c:962:10:decodeTimeout	16	static
../Core/Src/vl53l0x.c:973:10:encodeTimeout	24	static
../Core/Src/vl53l0x.c:997:10:timeoutMclksToMicroseconds	24	static
../Core/Src/vl53l0x.c:1006:10:timeoutMicrosecondsToMclks	24	static
../Core/Src/vl53l0x.c:1015:9:performSingleRefCalibration	16	static
