../Drivers/STM32C0xx_HAL_Driver/Inc/stm32c0xx_ll_adc.h:2007:22:LL_ADC_SetCommonClock	16	static
../Drivers/STM32C0xx_HAL_Driver/Inc/stm32c0xx_ll_adc.h:2616:22:LL_ADC_REG_SetTriggerSource	16	static
../Drivers/STM32C0xx_HAL_Driver/Inc/stm32c0xx_ll_adc.h:2770:26:LL_ADC_REG_GetSequencerConfigurable	16	static
../Drivers/STM32C0xx_HAL_Driver/Inc/stm32c0xx_ll_adc.h:2842:22:LL_ADC_REG_SetSequencerLength	16	static
../Drivers/STM32C0xx_HAL_Driver/Inc/stm32c0xx_ll_adc.h:4637:22:LL_ADC_Disable	16	static
../Drivers/STM32C0xx_HAL_Driver/Inc/stm32c0xx_ll_adc.h:4656:26:LL_ADC_IsEnabled	16	static
../Drivers/STM32C0xx_HAL_Driver/Inc/stm32c0xx_ll_adc.h:4667:26:LL_ADC_IsDisableOngoing	16	static
../Drivers/STM32C0xx_HAL_Driver/Inc/stm32c0xx_ll_adc.h:4767:22:LL_ADC_REG_StopConversion	16	static
../Drivers/STM32C0xx_HAL_Driver/Inc/stm32c0xx_ll_adc.h:4783:26:LL_ADC_REG_IsConversionOngoing	16	static
../Drivers/STM32C0xx_HAL_Driver/Inc/stm32c0xx_ll_adc.h:4794:26:LL_ADC_REG_IsStopConversionOngoing	16	static
../Drivers/STM32C0xx_HAL_Driver/Inc/stm32c0xx_ll_adc.h:4917:26:LL_ADC_IsActiveFlag_CCRDY	16	static
../Drivers/STM32C0xx_HAL_Driver/Inc/stm32c0xx_ll_adc.h:5030:22:LL_ADC_ClearFlag_CCRDY	16	static
../Drivers/STM32C0xx_HAL_Driver/Inc/stm32c0xx_ll_bus.h:652:22:LL_APB1_GRP2_ForceReset	16	static
../Drivers/STM32C0xx_HAL_Driver/Inc/stm32c0xx_ll_bus.h:680:22:LL_APB1_GRP2_ReleaseReset	16	static
../Drivers/STM32C0xx_HAL_Driver/Src/stm32c0xx_ll_adc.c:219:13:LL_ADC_CommonDeInit	16	static
../Drivers/STM32C0xx_HAL_Driver/Src/stm32c0xx_ll_adc.c:251:13:LL_ADC_CommonInit	24	static
../Drivers/STM32C0xx_HAL_Driver/Src/stm32c0xx_ll_adc.c:288:6:LL_ADC_CommonStructInit	16	static
../Drivers/STM32C0xx_HAL_Driver/Src/stm32c0xx_ll_adc.c:312:13:LL_ADC_DeInit	24	static
../Drivers/STM32C0xx_HAL_Driver/Src/stm32c0xx_ll_adc.c:522:13:LL_ADC_Init	24	static
../Drivers/STM32C0xx_HAL_Driver/Src/stm32c0xx_ll_adc.c:575:6:LL_ADC_StructInit	16	static
../Drivers/STM32C0xx_HAL_Driver/Src/stm32c0xx_ll_adc.c:626:13:LL_ADC_REG_Init	24	static
../Drivers/STM32C0xx_HAL_Driver/Src/stm32c0xx_ll_adc.c:734:6:LL_ADC_REG_StructInit	16	static
